39.101.1.61 - - [15/Oct/2020:00:31:33 +0000] "GET /index.php?m=admin&c=index&a=login&dosubmit=1 HTTP/1.1" 200 16656 "-" "Mozilla/5.0 (Windows NT 10.0; WOW64; rv:48.0) Gecko/20100101 Firefox/48.0"
27.186.9.51 - - [15/Oct/2020:00:58:27 +0000] "POST /index.php HTTP/1.0" 200 16697 "-" "Mozilla/5.0 (Windows NT 10.0; WOW64; rv:48.0) Gecko/20100101 Firefox/48.0"
114.119.129.74 - - [15/Oct/2020:00:59:38 +0000] "GET /projects_mining_rare_earth_elements.php HTTP/1.1" 200 16226 "-" "Mozilla/5.0 (Linux; Android 7.0;) AppleWebKit/537.36 (KHTML, like Gecko) Mobile Safari/537.36 (compatible; PetalBot;+https://aspiegel.com/petalbot)"
66.249.79.229 - - [15/Oct/2020:01:14:46 +0000] "GET /robots.txt HTTP/1.1" 404 437 "-" "Mozilla/5.0 (compatible; Googlebot/2.1; +http://www.google.com/bot.html)"
175.140.56.158 - - [15/Oct/2020:01:16:25 +0000] "GET / HTTP/1.1" 200 16656 "https://www.google.com/" "Mozilla/5.0 (Linux; Android 9; ONEPLUS A6013) AppleWebKit/537.36 (KHTML, like Gecko) Chrome/86.0.4240.75 Mobile Safari/537.36"
175.140.56.158 - - [15/Oct/2020:01:16:26 +0000] "GET /assets/fonts/Montserrat-SemiBold.ttf HTTP/1.1" 200 67349 "http://richwoodvc.com/assets/css/goarch_main_style-css.css?1602724585" "Mozilla/5.0 (Linux; Android 9; ONEPLUS A6013) AppleWebKit/537.36 (KHTML, like Gecko) Chrome/86.0.4240.75 Mobile Safari/537.36"
175.140.56.158 - - [15/Oct/2020:01:16:26 +0000] "GET /assets/fonts/Montserrat-Light.ttf HTTP/1.1" 200 53068 "http://richwoodvc.com/assets/css/goarch_main_style-css.css?1602724585" "Mozilla/5.0 (Linux; Android 9; ONEPLUS A6013) AppleWebKit/537.36 (KHTML, like Gecko) Chrome/86.0.4240.75 Mobile Safari/537.36"
175.140.56.158 - - [15/Oct/2020:01:16:31 +0000] "GET /video_private_equity.php HTTP/1.1" 200 7149 "https://www.google.com/" "Mozilla/5.0 (Linux; Android 9; ONEPLUS A6013) AppleWebKit/537.36 (KHTML, like Gecko) Chrome/86.0.4240.75 Mobile Safari/537.36"
175.140.56.158 - - [15/Oct/2020:01:16:32 +0000] "GET /assets/fonts/Montserrat-SemiBold.ttf HTTP/1.1" 200 67349 "http://richwoodvc.com/assets/css/goarch_main_style-css.css?1602724591" "Mozilla/5.0 (Linux; Android 9; ONEPLUS A6013) AppleWebKit/537.36 (KHTML, like Gecko) Chrome/86.0.4240.75 Mobile Safari/537.36"
175.140.56.158 - - [15/Oct/2020:01:19:13 +0000] "GET /assets/fonts/fontawesome-webfont.woff2?v=4.7.0 HTTP/1.1" 200 77368 "http://richwoodvc.com/assets/css/goarch_main_style-css.css?1602724591" "Mozilla/5.0 (Linux; Android 9; ONEPLUS A6013) AppleWebKit/537.36 (KHTML, like Gecko) Chrome/86.0.4240.75 Mobile Safari/537.36"
175.140.56.158 - - [15/Oct/2020:01:19:14 +0000] "GET /assets/fonts/Montserrat-SemiBold.ttf HTTP/1.1" 200 65483 "http://richwoodvc.com/assets/css/goarch_main_style-css.css?1602724585" "Mozilla/5.0 (Linux; Android 9; ONEPLUS A6013) AppleWebKit/537.36 (KHTML, like Gecko) Chrome/86.0.4240.75 Mobile Safari/537.36"
175.140.56.158 - - [15/Oct/2020:01:19:19 +0000] "GET /indicator.php HTTP/1.1" 200 7998 "http://richwoodvc.com/" "Mozilla/5.0 (Linux; Android 9; ONEPLUS A6013) AppleWebKit/537.36 (KHTML, like Gecko) Chrome/86.0.4240.75 Mobile Safari/537.36"
175.140.56.158 - - [15/Oct/2020:01:19:19 +0000] "GET /assets/fonts/Montserrat-SemiBold.ttf HTTP/1.1" 200 67349 "http://richwoodvc.com/assets/css/goarch_main_style-css.css?1602724759" "Mozilla/5.0 (Linux; Android 9; ONEPLUS A6013) AppleWebKit/537.36 (KHTML, like Gecko) Chrome/86.0.4240.75 Mobile Safari/537.36"
175.140.56.158 - - [15/Oct/2020:01:19:31 +0000] "GET /management_team.php HTTP/1.1" 200 7229 "http://richwoodvc.com/indicator.php" "Mozilla/5.0 (Linux; Android 9; ONEPLUS A6013) AppleWebKit/537.36 (KHTML, like Gecko) Chrome/86.0.4240.75 Mobile Safari/537.36"
175.140.56.158 - - [15/Oct/2020:01:19:32 +0000] "GET /assets/fonts/Montserrat-SemiBold.ttf HTTP/1.1" 200 67349 "http://richwoodvc.com/assets/css/goarch_main_style-css.css?1602724771" "Mozilla/5.0 (Linux; Android 9; ONEPLUS A6013) AppleWebKit/537.36 (KHTML, like Gecko) Chrome/86.0.4240.75 Mobile Safari/537.36"
66.249.79.191 - - [15/Oct/2020:01:24:27 +0000] "GET /assets/img/events/2019_01_12_01/cover.jpg?1601844210 HTTP/1.1" 404 441 "-" "Googlebot-Image/1.0"
54.36.148.36 - - [15/Oct/2020:01:47:33 +0000] "GET /robots.txt HTTP/1.1" 404 437 "-" "Mozilla/5.0 (compatible; AhrefsBot/6.1; +http://ahrefs.com/robot/)"
54.36.148.142 - - [15/Oct/2020:01:47:34 +0000] "GET /projects_development.php HTTP/1.1" 200 7737 "-" "Mozilla/5.0 (compatible; AhrefsBot/7.0; +http://ahrefs.com/robot/)"
175.136.148.227 - - [15/Oct/2020:01:49:50 +0000] "GET /assets/fonts/Montserrat-SemiBold.ttf HTTP/1.1" 200 67349 "http://richwoodvc.com/assets/css/goarch_main_style-css.css?1602724585" "Mozilla/5.0 (Windows NT 10.0; Win64; x64) AppleWebKit/537.36 (KHTML, like Gecko) Chrome/86.0.4240.75 Safari/537.36"
175.136.148.227 - - [15/Oct/2020:01:50:30 +0000] "GET /media.php HTTP/1.1" 200 7446 "http://richwoodvc.com/" "Mozilla/5.0 (Windows NT 10.0; Win64; x64) AppleWebKit/537.36 (KHTML, like Gecko) Chrome/86.0.4240.75 Safari/537.36"
175.136.148.227 - - [15/Oct/2020:01:50:48 +0000] "GET /events.php HTTP/1.1" 200 6808 "http://richwoodvc.com/media.php" "Mozilla/5.0 (Windows NT 10.0; Win64; x64) AppleWebKit/537.36 (KHTML, like Gecko) Chrome/86.0.4240.75 Safari/537.36"
207.46.13.4 - - [15/Oct/2020:01:59:31 +0000] "GET /robots.txt HTTP/1.1" 404 437 "-" "Mozilla/5.0 (compatible; bingbot/2.0; +http://www.bing.com/bingbot.htm)"
66.249.79.231 - - [15/Oct/2020:02:02:12 +0000] "GET /about_us.php HTTP/1.1" 200 11488 "-" "Mozilla/5.0 (Linux; Android 6.0.1; Nexus 5X Build/MMB29P) AppleWebKit/537.36 (KHTML, like Gecko) Chrome/86.0.4240.78 Mobile Safari/537.36 (compatible; Googlebot/2.1; +http://www.google.com/bot.html)"
39.101.1.61 - - [15/Oct/2020:02:04:29 +0000] "GET /robots.txt HTTP/1.1" 404 437 "-" "Mozilla/5.0 (Windows NT 10.0; WOW64; rv:48.0) Gecko/20100101 Firefox/48.0"
66.249.79.229 - - [15/Oct/2020:02:18:22 +0000] "GET /media.php.php HTTP/1.1" 404 190 "-" "Mozilla/5.0 (Linux; Android 6.0.1; Nexus 5X Build/MMB29P) AppleWebKit/537.36 (KHTML, like Gecko) Chrome/86.0.4240.78 Mobile Safari/537.36 (compatible; Googlebot/2.1; +http://www.google.com/bot.html)"
114.119.152.97 - - [15/Oct/2020:02:23:58 +0000] "GET /robots.txt HTTP/1.1" 404 437 "-" "Mozilla/5.0 (Linux; Android 7.0;) AppleWebKit/537.36 (KHTML, like Gecko) Mobile Safari/537.36 (compatible; PetalBot;+https://aspiegel.com/petalbot)"
175.141.246.27 - - [15/Oct/2020:02:24:34 +0000] "GET /ec/product.php HTTP/1.0" 302 12170 "http://richwoodvc.com/ec/finaz_event_new.php" "Mozilla/5.0 (Windows NT 10.0; Win64; x64) AppleWebKit/537.36 (KHTML, like Gecko) Chrome/86.0.4240.75 Safari/537.36"
175.141.246.27 - - [15/Oct/2020:02:24:34 +0000] "GET /ec/login.php HTTP/1.0" 200 1903 "http://richwoodvc.com/ec/finaz_event_new.php" "Mozilla/5.0 (Windows NT 10.0; Win64; x64) AppleWebKit/537.36 (KHTML, like Gecko) Chrome/86.0.4240.75 Safari/537.36"
175.141.246.27 - - [15/Oct/2020:02:24:37 +0000] "GET /favicon.ico HTTP/1.1" 404 437 "http://richwoodvc.com/ec/login.php" "Mozilla/5.0 (Windows NT 10.0; Win64; x64) AppleWebKit/537.36 (KHTML, like Gecko) Chrome/86.0.4240.75 Safari/537.36"
3.81.13.61 - - [15/Oct/2020:02:25:53 +0000] "GET /ec/login.php HTTP/1.1" 200 1942 "-" "Mozilla/5.0 (Windows NT 6.1; Win64; x64) AppleWebKit/537.36 (KHTML, like Gecko) Chrome/72.0.3626.109 Safari/537.36"
54.89.213.222 - - [15/Oct/2020:02:26:20 +0000] "GET /ec/product.php HTTP/1.1" 302 12258 "-" "Mozilla/5.0 (Windows NT 6.1; Win64; x64) AppleWebKit/537.36 (KHTML, like Gecko) Chrome/72.0.3626.109 Safari/537.36"
54.89.213.222 - - [15/Oct/2020:02:26:20 +0000] "GET /ec/login.php HTTP/1.0" 200 5375 "-" "Mozilla/5.0 (Windows NT 6.1; Win64; x64) AppleWebKit/537.36 (KHTML, like Gecko) Chrome/72.0.3626.109 Safari/537.36"
66.249.79.229 - - [15/Oct/2020:02:52:48 +0000] "GET /contacts.php HTTP/1.1" 200 7161 "-" "Mozilla/5.0 (compatible; Googlebot/2.1; +http://www.google.com/bot.html)"
203.106.112.196 - - [15/Oct/2020:02:54:58 +0000] "GET /ec/login.php HTTP/1.0" 200 1903 "-" "Mozilla/5.0 (Windows NT 10.0; Win64; x64) AppleWebKit/537.36 (KHTML, like Gecko) Chrome/86.0.4240.75 Safari/537.36"
203.106.112.196 - - [15/Oct/2020:02:54:58 +0000] "GET /favicon.ico HTTP/1.1" 404 437 "http://richwoodvc.com/ec/login.php" "Mozilla/5.0 (Windows NT 10.0; Win64; x64) AppleWebKit/537.36 (KHTML, like Gecko) Chrome/86.0.4240.75 Safari/537.36"
203.106.112.196 - - [15/Oct/2020:02:55:06 +0000] "POST /ec/login.php HTTP/1.0" 200 2021 "http://richwoodvc.com/ec/login.php" "Mozilla/5.0 (Windows NT 10.0; Win64; x64) AppleWebKit/537.36 (KHTML, like Gecko) Chrome/86.0.4240.75 Safari/537.36"
203.106.112.196 - - [15/Oct/2020:02:55:21 +0000] "POST /ec/login.php HTTP/1.0" 200 2021 "http://richwoodvc.com/ec/login.php" "Mozilla/5.0 (Windows NT 10.0; Win64; x64) AppleWebKit/537.36 (KHTML, like Gecko) Chrome/86.0.4240.75 Safari/537.36"
203.106.112.196 - - [15/Oct/2020:02:55:28 +0000] "POST /ec/login.php HTTP/1.0" 302 5814 "http://richwoodvc.com/ec/login.php" "Mozilla/5.0 (Windows NT 10.0; Win64; x64) AppleWebKit/537.36 (KHTML, like Gecko) Chrome/86.0.4240.75 Safari/537.36"
203.106.112.196 - - [15/Oct/2020:02:55:28 +0000] "GET /ec/product.php HTTP/1.0" 200 4127 "http://richwoodvc.com/ec/login.php" "Mozilla/5.0 (Windows NT 10.0; Win64; x64) AppleWebKit/537.36 (KHTML, like Gecko) Chrome/86.0.4240.75 Safari/537.36"
203.106.112.196 - - [15/Oct/2020:02:56:29 +0000] "GET /ec/product_edit.php?id=170 HTTP/1.0" 200 5949 "http://richwoodvc.com/ec/product.php" "Mozilla/5.0 (Windows NT 10.0; Win64; x64) AppleWebKit/537.36 (KHTML, like Gecko) Chrome/86.0.4240.75 Safari/537.36"
114.119.133.91 - - [15/Oct/2020:03:03:57 +0000] "GET /media_details.php?id=2018_11_01_01 HTTP/1.1" 200 7802 "-" "Mozilla/5.0 (Linux; Android 7.0;) AppleWebKit/537.36 (KHTML, like Gecko) Mobile Safari/537.36 (compatible; PetalBot;+https://aspiegel.com/petalbot)"
203.106.112.196 - - [15/Oct/2020:03:15:02 +0000] "GET / HTTP/1.0" 200 16677 "-" "Mozilla/5.0 (Windows NT 10.0; Win64; x64; rv:77.0) Gecko/20100101 Firefox/77.0"
203.106.112.196 - - [15/Oct/2020:03:15:02 +0000] "GET /assets/fonts/Montserrat-Light.ttf HTTP/1.0" 200 53087 "http://richwoodvc.com/assets/css/goarch_main_style-css.css?1602731702" "Mozilla/5.0 (Windows NT 10.0; Win64; x64; rv:77.0) Gecko/20100101 Firefox/77.0"
203.106.112.196 - - [15/Oct/2020:03:15:03 +0000] "GET /assets/fonts/Montserrat-SemiBold.ttf HTTP/1.0" 200 67368 "http://richwoodvc.com/assets/css/goarch_main_style-css.css?1602731702" "Mozilla/5.0 (Windows NT 10.0; Win64; x64; rv:77.0) Gecko/20100101 Firefox/77.0"
203.106.112.196 - - [15/Oct/2020:03:15:03 +0000] "GET /assets/fonts/fontawesome-webfont.woff2?v=4.7.0 HTTP/1.0" 200 77387 "http://richwoodvc.com/assets/css/goarch_main_style-css.css?1602731702" "Mozilla/5.0 (Windows NT 10.0; Win64; x64; rv:77.0) Gecko/20100101 Firefox/77.0"
66.249.79.229 - - [15/Oct/2020:03:19:49 +0000] "GET /video_biz_college.php HTTP/1.1" 200 6971 "-" "Mozilla/5.0 (compatible; Googlebot/2.1; +http://www.google.com/bot.html)"
66.249.79.231 - - [15/Oct/2020:03:22:22 +0000] "GET /media.php.php HTTP/1.1" 404 190 "-" "Mozilla/5.0 (compatible; Googlebot/2.1; +http://www.google.com/bot.html)"
66.249.79.229 - - [15/Oct/2020:03:23:39 +0000] "GET /projects.php HTTP/1.1" 200 7684 "-" "Mozilla/5.0 (compatible; Googlebot/2.1; +http://www.google.com/bot.html)"
66.249.79.229 - - [15/Oct/2020:03:24:56 +0000] "GET /projects_mining.php HTTP/1.1" 200 7838 "-" "Mozilla/5.0 (compatible; Googlebot/2.1; +http://www.google.com/bot.html)"
66.249.79.231 - - [15/Oct/2020:03:29:01 +0000] "GET /newspaper.php HTTP/1.1" 200 7130 "-" "Mozilla/5.0 (Linux; Android 6.0.1; Nexus 5X Build/MMB29P) AppleWebKit/537.36 (KHTML, like Gecko) Chrome/86.0.4240.96 Mobile Safari/537.36 (compatible; Googlebot/2.1; +http://www.google.com/bot.html)"
66.249.79.229 - - [15/Oct/2020:03:30:11 +0000] "GET /disclaimer.php HTTP/1.1" 200 7810 "-" "Mozilla/5.0 (Linux; Android 6.0.1; Nexus 5X Build/MMB29P) AppleWebKit/537.36 (KHTML, like Gecko) Chrome/86.0.4240.96 Mobile Safari/537.36 (compatible; Googlebot/2.1; +http://www.google.com/bot.html)"
66.249.79.231 - - [15/Oct/2020:03:31:17 +0000] "GET /customer_alert.php HTTP/1.1" 200 7811 "-" "Mozilla/5.0 (Linux; Android 6.0.1; Nexus 5X Build/MMB29P) AppleWebKit/537.36 (KHTML, like Gecko) Chrome/86.0.4240.96 Mobile Safari/537.36 (compatible; Googlebot/2.1; +http://www.google.com/bot.html)"
66.249.79.233 - - [15/Oct/2020:03:34:39 +0000] "GET /projects_agriculture.php HTTP/1.1" 200 7481 "-" "Mozilla/5.0 (Linux; Android 6.0.1; Nexus 5X Build/MMB29P) AppleWebKit/537.36 (KHTML, like Gecko) Chrome/86.0.4240.96 Mobile Safari/537.36 (compatible; Googlebot/2.1; +http://www.google.com/bot.html)"
66.249.79.229 - - [15/Oct/2020:03:38:30 +0000] "GET /projects_refinery_oil_and_gas.php HTTP/1.1" 200 16022 "-" "Mozilla/5.0 (compatible; Googlebot/2.1; +http://www.google.com/bot.html)"
66.249.79.231 - - [15/Oct/2020:04:03:41 +0000] "GET /favicon.ico HTTP/1.1" 404 437 "-" "Googlebot-Image/1.0"
114.119.152.97 - - [15/Oct/2020:04:09:11 +0000] "GET /ec/?5f8465099386a1918821748 HTTP/1.1" 302 28495 "-" "Mozilla/5.0 (Linux; Android 7.0;) AppleWebKit/537.36 (KHTML, like Gecko) Mobile Safari/537.36 (compatible; PetalBot;+https://aspiegel.com/petalbot)"
114.119.152.97 - - [15/Oct/2020:04:09:11 +0000] "GET /ec/login.php HTTP/1.0" 200 1903 "-" "Mozilla/5.0 (Linux; Android 7.0;) AppleWebKit/537.36 (KHTML, like Gecko) Mobile Safari/537.36 (compatible; PetalBot;+https://aspiegel.com/petalbot)"
66.249.79.233 - - [15/Oct/2020:04:12:52 +0000] "GET /video.php HTTP/1.1" 200 7970 "-" "Mozilla/5.0 (Linux; Android 6.0.1; Nexus 5X Build/MMB29P) AppleWebKit/537.36 (KHTML, like Gecko) Chrome/86.0.4240.78 Mobile Safari/537.36 (compatible; Googlebot/2.1; +http://www.google.com/bot.html)"
66.249.79.233 - - [15/Oct/2020:04:43:47 +0000] "GET /media_gbusiness_issue_90.php HTTP/1.1" 200 7021 "-" "Mozilla/5.0 (compatible; Googlebot/2.1; +http://www.google.com/bot.html)"
66.249.79.191 - - [15/Oct/2020:04:59:33 +0000] "GET / HTTP/1.1" 200 16657 "-" "Mozilla/5.0 (compatible; Googlebot/2.1; +http://www.google.com/bot.html)"
66.249.79.229 - - [15/Oct/2020:05:13:41 +0000] "GET /awards.php HTTP/1.1" 200 7233 "-" "Mozilla/5.0 (Linux; Android 6.0.1; Nexus 5X Build/MMB29P) AppleWebKit/537.36 (KHTML, like Gecko) Chrome/86.0.4240.78 Mobile Safari/537.36 (compatible; Googlebot/2.1; +http://www.google.com/bot.html)"
213.168.249.115 - - [15/Oct/2020:05:24:22 +0000] "GET / HTTP/1.1" 200 16659 "-" "Mozilla/5.0 (Windows; U; Windows NT 5.1; pl; rv:1.9; PageThing http://pagething.com) Gecko/2008052906 Firefox/3.0"
17.58.101.246 - - [15/Oct/2020:05:47:20 +0000] "GET /robots.txt HTTP/1.1" 404 437 "-" "Mozilla/5.0 (Macintosh; Intel Mac OS X 10_15_5) AppleWebKit/605.1.15 (KHTML, like Gecko) Version/13.1.1 Safari/605.1.15 (Applebot/0.1; +http://www.apple.com/go/applebot)"
39.101.1.61 - - [15/Oct/2020:05:55:22 +0000] "GET /css/album.css HTTP/1.1" 404 437 "-" "Mozilla/5.0 (Windows NT 10.0; WOW64; rv:48.0) Gecko/20100101 Firefox/48.0"
39.101.1.61 - - [15/Oct/2020:05:55:32 +0000] "GET /e/admin/index.php HTTP/1.1" 404 437 "-" "Mozilla/5.0 (Windows NT 10.0; WOW64; rv:48.0) Gecko/20100101 Firefox/48.0"
66.249.79.231 - - [15/Oct/2020:06:14:49 +0000] "GET /projects_development.php HTTP/1.1" 200 7738 "-" "Mozilla/5.0 (Linux; Android 6.0.1; Nexus 5X Build/MMB29P) AppleWebKit/537.36 (KHTML, like Gecko) Chrome/86.0.4240.96 Mobile Safari/537.36 (compatible; Googlebot/2.1; +http://www.google.com/bot.html)"
183.171.184.170 - - [15/Oct/2020:07:22:10 +0000] "GET /assets/fonts/Montserrat-Light.ttf HTTP/1.1" 200 53068 "http://richwoodvc.com/assets/css/goarch_main_style-css.css?1602739462" "Mozilla/5.0 (Linux; Android 10; CPH1969) AppleWebKit/537.36 (KHTML, like Gecko) Chrome/85.0.4183.81 Mobile Safari/537.36"
183.171.184.171 - - [15/Oct/2020:07:22:10 +0000] "GET /assets/fonts/Montserrat-SemiBold.ttf HTTP/1.1" 200 65483 "http://richwoodvc.com/assets/css/goarch_main_style-css.css?1602739462" "Mozilla/5.0 (Linux; Android 10; CPH1969) AppleWebKit/537.36 (KHTML, like Gecko) Chrome/85.0.4183.81 Mobile Safari/537.36"
183.171.184.169 - - [15/Oct/2020:07:22:22 +0000] "GET /assets/fonts/fontawesome-webfont.woff2?v=4.7.0 HTTP/1.1" 200 77368 "http://richwoodvc.com/assets/css/goarch_main_style-css.css?1602739462" "Mozilla/5.0 (Linux; Android 10; CPH1969) AppleWebKit/537.36 (KHTML, like Gecko) Chrome/85.0.4183.81 Mobile Safari/537.36"
183.171.184.169 - - [15/Oct/2020:07:22:27 +0000] "GET /about_us.php HTTP/1.1" 200 11488 "http://richwoodvc.com/" "Mozilla/5.0 (Linux; Android 10; CPH1969) AppleWebKit/537.36 (KHTML, like Gecko) Chrome/85.0.4183.81 Mobile Safari/537.36"
183.171.184.170 - - [15/Oct/2020:07:22:28 +0000] "GET /assets/fonts/Montserrat-SemiBold.ttf HTTP/1.1" 200 67349 "http://richwoodvc.com/assets/css/goarch_main_style-css.css?1602746547" "Mozilla/5.0 (Linux; Android 10; CPH1969) AppleWebKit/537.36 (KHTML, like Gecko) Chrome/85.0.4183.81 Mobile Safari/537.36"
183.171.184.170 - - [15/Oct/2020:07:23:59 +0000] "GET /assets/fonts/Montserrat-SemiBold.ttf HTTP/1.1" 200 67349 "http://richwoodvc.com/assets/css/goarch_main_style-css.css?1602746547" "Mozilla/5.0 (Linux; Android 10; CPH1969) AppleWebKit/537.36 (KHTML, like Gecko) Chrome/85.0.4183.81 Mobile Safari/537.36"
66.249.79.229 - - [15/Oct/2020:07:29:02 +0000] "GET /projects_biotechnology.php HTTP/1.1" 200 7531 "-" "Mozilla/5.0 (Linux; Android 6.0.1; Nexus 5X Build/MMB29P) AppleWebKit/537.36 (KHTML, like Gecko) Chrome/86.0.4240.96 Mobile Safari/537.36 (compatible; Googlebot/2.1; +http://www.google.com/bot.html)"
176.119.141.86 - - [15/Oct/2020:07:50:48 +0000] "GET /wp-json/wp/v2/users HTTP/1.1" 404 437 "http://richwoodvc.com/wp-json/wp/v2/users" "Mozilla/4.0 (compatible; MSIE 6.0; Windows NT 5.1; SV1)"
54.36.148.10 - - [15/Oct/2020:08:15:58 +0000] "GET / HTTP/1.1" 200 16659 "-" "Mozilla/5.0 (compatible; AhrefsBot/7.0; +http://ahrefs.com/robot/)"
207.46.13.4 - - [15/Oct/2020:08:42:12 +0000] "GET /robots.txt HTTP/1.1" 404 437 "-" "Mozilla/5.0 (compatible; bingbot/2.0; +http://www.bing.com/bingbot.htm)"
39.101.1.61 - - [15/Oct/2020:08:46:28 +0000] "GET /xxxss HTTP/1.1" 404 437 "-" "Mozilla/5.0 (Windows NT 10.0; WOW64; rv:48.0) Gecko/20100101 Firefox/48.0"
66.249.79.229 - - [15/Oct/2020:08:47:29 +0000] "GET /projects_development_johor_batu_pahat_factory.php HTTP/1.1" 200 8242 "-" "Mozilla/5.0 (Linux; Android 6.0.1; Nexus 5X Build/MMB29P) AppleWebKit/537.36 (KHTML, like Gecko) Chrome/86.0.4240.96 Mobile Safari/537.36 (compatible; Googlebot/2.1; +http://www.google.com/bot.html)"
23.228.109.146 - - [15/Oct/2020:09:37:40 +0000] "GET /wp-content/themes/dandelion/style.css HTTP/1.1" 404 437 "http://www.google.com/" "Mozilla/5.0 (Windows NT 6.1; Win64; x64) AppleWebKit/537.36 (KHTML, like Gecko) Chrome/56.0.2896.3 Safari/537.36"
113.210.93.64 - - [15/Oct/2020:09:53:57 +0000] "GET / HTTP/1.1" 200 16657 "http://www.google.com/" "Mozilla/5.0 (Linux; Android 10; SM-N986B) AppleWebKit/537.36 (KHTML, like Gecko) Chrome/86.0.4240.75 Mobile Safari/537.36"
66.249.79.229 - - [15/Oct/2020:10:00:36 +0000] "GET /projects_development_melaka_melaka_tengah_hotel.php HTTP/1.1" 200 10077 "-" "Mozilla/5.0 (Linux; Android 6.0.1; Nexus 5X Build/MMB29P) AppleWebKit/537.36 (KHTML, like Gecko) Chrome/86.0.4240.96 Mobile Safari/537.36 (compatible; Googlebot/2.1; +http://www.google.com/bot.html)"
42.153.34.235 - - [15/Oct/2020:10:05:14 +0000] "GET /indicator.php HTTP/1.1" 200 7998 "-" "Mozilla/5.0 (Linux; Android 7.1.1; CPH1723) AppleWebKit/537.36 (KHTML, like Gecko) Chrome/80.0.3987.119 Mobile Safari/537.36"
52.42.113.220 - - [15/Oct/2020:10:46:01 +0000] "GET /wp-login.php HTTP/1.1" 404 190 "-" "Mozilla/5.0 (Windows NT 10.0; Win64; x64) AppleWebKit/537.36 (KHTML, like Gecko) Chrome/74.0.3729.169 Safari/537.36"
66.249.79.231 - - [15/Oct/2020:10:46:37 +0000] "GET /projects_agriculture.php HTTP/1.1" 200 7481 "-" "Mozilla/5.0 (compatible; Googlebot/2.1; +http://www.google.com/bot.html)"
216.250.119.54 - - [15/Oct/2020:10:53:53 +0000] "GET //vendor/phpunit/phpunit/phpunit.xsd HTTP/1.1" 404 437 "-" "Mozilla/5.0 (X11; Linux x86_64; rv:52.0) Gecko/20100101 Firefox/52.0"
124.13.100.169 - - [15/Oct/2020:11:29:53 +0000] "GET /assets/fonts/Montserrat-Light.ttf HTTP/1.1" 200 53068 "http://richwoodvc.com/" "Mozilla/5.0 (iPhone; CPU iPhone OS 14_0_1 like Mac OS X) AppleWebKit/605.1.15 (KHTML, like Gecko) Version/14.0 Mobile/15E148 Safari/604.1"
124.13.100.169 - - [15/Oct/2020:11:29:53 +0000] "GET /assets/fonts/Montserrat-SemiBold.ttf HTTP/1.1" 200 67349 "http://richwoodvc.com/" "Mozilla/5.0 (iPhone; CPU iPhone OS 14_0_1 like Mac OS X) AppleWebKit/605.1.15 (KHTML, like Gecko) Version/14.0 Mobile/15E148 Safari/604.1"
124.13.100.169 - - [15/Oct/2020:11:30:03 +0000] "GET /assets/fonts/fontawesome-webfont.woff2?v=4.7.0 HTTP/1.1" 200 77368 "http://richwoodvc.com/" "Mozilla/5.0 (iPhone; CPU iPhone OS 14_0_1 like Mac OS X) AppleWebKit/605.1.15 (KHTML, like Gecko) Version/14.0 Mobile/15E148 Safari/604.1"
124.13.100.169 - - [15/Oct/2020:11:30:15 +0000] "GET /management_team.php HTTP/1.1" 200 7230 "http://richwoodvc.com/" "Mozilla/5.0 (iPhone; CPU iPhone OS 14_0_1 like Mac OS X) AppleWebKit/605.1.15 (KHTML, like Gecko) Version/14.0 Mobile/15E148 Safari/604.1"
124.13.100.169 - - [15/Oct/2020:11:30:16 +0000] "GET /assets/fonts/Montserrat-SemiBold.ttf HTTP/1.1" 200 67349 "http://richwoodvc.com/management_team.php" "Mozilla/5.0 (iPhone; CPU iPhone OS 14_0_1 like Mac OS X) AppleWebKit/605.1.15 (KHTML, like Gecko) Version/14.0 Mobile/15E148 Safari/604.1"
66.249.79.233 - - [15/Oct/2020:11:32:32 +0000] "GET /about_us.php HTTP/1.1" 200 11489 "-" "Mozilla/5.0 (Linux; Android 6.0.1; Nexus 5X Build/MMB29P) AppleWebKit/537.36 (KHTML, like Gecko) Chrome/86.0.4240.78 Mobile Safari/537.36 (compatible; Googlebot/2.1; +http://www.google.com/bot.html)"
114.119.146.241 - - [15/Oct/2020:11:39:43 +0000] "GET /projects_biotechnology.php HTTP/1.1" 200 7531 "-" "Mozilla/5.0 (Linux; Android 7.0;) AppleWebKit/537.36 (KHTML, like Gecko) Mobile Safari/537.36 (compatible; PetalBot;+https://aspiegel.com/petalbot)"
114.119.141.18 - - [15/Oct/2020:12:09:50 +0000] "GET /video.php HTTP/1.1" 200 7971 "-" "Mozilla/5.0 (Linux; Android 7.0;) AppleWebKit/537.36 (KHTML, like Gecko) Mobile Safari/537.36 (compatible; PetalBot;+https://aspiegel.com/petalbot)"
66.249.79.231 - - [15/Oct/2020:12:13:02 +0000] "GET /contacts.php HTTP/1.1" 200 7161 "-" "Mozilla/5.0 (compatible; Googlebot/2.1; +http://www.google.com/bot.html)"
114.119.151.206 - - [15/Oct/2020:12:39:56 +0000] "GET /video_biz_college.php HTTP/1.1" 200 6971 "-" "Mozilla/5.0 (Linux; Android 7.0;) AppleWebKit/537.36 (KHTML, like Gecko) Mobile Safari/537.36 (compatible; PetalBot;+https://aspiegel.com/petalbot)"
114.119.135.201 - - [15/Oct/2020:12:44:59 +0000] "GET /accounts.php HTTP/1.1" 404 190 "-" "Mozilla/5.0 (Linux; Android 7.0;) AppleWebKit/537.36 (KHTML, like Gecko) Mobile Safari/537.36 (compatible; PetalBot;+https://aspiegel.com/petalbot)"
114.119.141.18 - - [15/Oct/2020:13:05:04 +0000] "GET /ec/upload/event/16.jpeg?5f73be1584e5a21795819 HTTP/1.1" 404 437 "-" "Mozilla/5.0 (Linux; Android 7.0;) AppleWebKit/537.36 (KHTML, like Gecko) Mobile Safari/537.36 (compatible; PetalBot;+https://aspiegel.com/petalbot)"
66.249.79.229 - - [15/Oct/2020:13:23:08 +0000] "GET /robots.txt HTTP/1.1" 404 437 "-" "Mozilla/5.0 (compatible; Googlebot/2.1; +http://www.google.com/bot.html)"
114.119.159.236 - - [15/Oct/2020:13:45:16 +0000] "GET /robots.txt HTTP/1.1" 404 437 "-" "(compatible;PetalBot;+https://aspiegel.com/petalbot)"
54.36.148.160 - - [15/Oct/2020:14:14:05 +0000] "GET /robots.txt HTTP/1.1" 404 437 "-" "Mozilla/5.0 (compatible; AhrefsBot/6.1; +http://ahrefs.com/robot/)"
54.36.148.205 - - [15/Oct/2020:14:14:07 +0000] "GET / HTTP/1.1" 200 16656 "-" "Mozilla/5.0 (compatible; AhrefsBot/7.0; +http://ahrefs.com/robot/)"
66.249.79.160 - - [15/Oct/2020:14:33:42 +0000] "GET /robots.txt HTTP/1.1" 404 441 "-" "Mozilla/5.0 (compatible; Googlebot/2.1; +http://www.google.com/bot.html)"
66.249.79.160 - - [15/Oct/2020:14:33:42 +0000] "GET / HTTP/1.1" 200 16657 "-" "Mozilla/5.0 (compatible; Googlebot/2.1; +http://www.google.com/bot.html)"
207.46.13.4 - - [15/Oct/2020:14:36:36 +0000] "GET /robots.txt HTTP/1.1" 404 437 "-" "Mozilla/5.0 (compatible; bingbot/2.0; +http://www.bing.com/bingbot.htm)"
114.119.131.245 - - [15/Oct/2020:14:51:21 +0000] "GET /projects_development.php HTTP/1.1" 200 7737 "-" "Mozilla/5.0 (Linux; Android 7.0;) AppleWebKit/537.36 (KHTML, like Gecko) Mobile Safari/537.36 (compatible; PetalBot;+https://aspiegel.com/petalbot)"
40.77.167.2 - - [15/Oct/2020:15:01:33 +0000] "GET / HTTP/1.1" 200 16657 "-" "Mozilla/5.0 (compatible; bingbot/2.0; +http://www.bing.com/bingbot.htm)"
46.101.209.166 - - [15/Oct/2020:15:09:05 +0000] "GET /wp-content/plugins/hulk/css.php HTTP/1.1" 404 437 "richwoodvc.com" "Mozilla/5.2 (Windows NT 6.1; WOW64) AppleWebKit/5371q23.13 (KHTML, like Gecko) Safari/537.13"
66.249.79.233 - - [15/Oct/2020:15:09:26 +0000] "GET /events.php HTTP/1.1" 200 6808 "-" "Mozilla/5.0 (compatible; Googlebot/2.1; +http://www.google.com/bot.html)"
66.249.79.231 - - [15/Oct/2020:15:09:33 +0000] "GET /favicon.ico HTTP/1.1" 404 437 "-" "Googlebot-Image/1.0"
46.101.209.166 - - [15/Oct/2020:15:11:44 +0000] "GET /wp-includes/qw.php HTTP/1.1" 404 437 "richwoodvc.com" "Mozilla/5.2 (Windows NT 6.1; WOW64) AppleWebKit/5371q23.13 (KHTML, like Gecko) Safari/537.13"
46.101.209.166 - - [15/Oct/2020:15:12:37 +0000] "GET /wp-content/plugins/hot-blocks/huh.php HTTP/1.1" 404 437 "richwoodvc.com" "Mozilla/5.2 (Windows NT 6.1; WOW64) AppleWebKit/5371q23.13 (KHTML, like Gecko) Safari/537.13"
66.249.79.231 - - [15/Oct/2020:15:13:41 +0000] "GET /awards.php HTTP/1.1" 200 7233 "-" "Mozilla/5.0 (Linux; Android 6.0.1; Nexus 5X Build/MMB29P) AppleWebKit/537.36 (KHTML, like Gecko) Chrome/86.0.4240.78 Mobile Safari/537.36 (compatible; Googlebot/2.1; +http://www.google.com/bot.html)"
46.101.209.166 - - [15/Oct/2020:15:13:57 +0000] "GET /config.php HTTP/1.1" 404 190 "richwoodvc.com" "Mozilla/5.2 (Windows NT 6.1; WOW64) AppleWebKit/5371q23.13 (KHTML, like Gecko) Safari/537.13"
114.119.141.18 - - [15/Oct/2020:15:26:27 +0000] "GET /projects_biotechnology_biotechnology.php HTTP/1.1" 200 10784 "-" "Mozilla/5.0 (Linux; Android 7.0;) AppleWebKit/537.36 (KHTML, like Gecko) Mobile Safari/537.36 (compatible; PetalBot;+https://aspiegel.com/petalbot)"
185.253.96.23 - - [15/Oct/2020:17:43:37 +0000] "GET /wp-admin/admin-ajax.php?action=duplicator_download&file=../wp-config.php HTTP/1.1" 404 437 "-" "Mozilla/5.0 (Windows NT 6.1; rv:17.0) Gecko/17.0 Firefox/17.0"
185.253.96.23 - - [15/Oct/2020:17:43:38 +0000] "GET /wp-admin/admin-ajax.php?action=revslider_show_image&img=../wp-config.php HTTP/1.1" 404 437 "-" "Mozilla/5.0 (Windows NT 6.1; rv:17.0) Gecko/17.0 Firefox/17.0"
185.253.96.23 - - [15/Oct/2020:17:43:39 +0000] "GET /wp-config.php HTTP/1.1" 404 190 "-" "Mozilla/5.0 (Windows NT 6.1; rv:17.0) Gecko/17.0 Firefox/17.0"
185.253.96.23 - - [15/Oct/2020:17:43:40 +0000] "GET /wp-content/plugins/cherry-plugin/admin/import-export/download-content.php?file=../../../../../wp-config.php HTTP/1.1" 404 437 "-" "Mozilla/5.0 (Windows NT 6.1; rv:17.0) Gecko/17.0 Firefox/17.0"
114.119.146.241 - - [15/Oct/2020:17:57:00 +0000] "GET /projects_biotechnology.php HTTP/1.1" 200 7530 "-" "Mozilla/5.0 (Linux; Android 7.0;) AppleWebKit/537.36 (KHTML, like Gecko) Mobile Safari/537.36 (compatible; PetalBot;+https://aspiegel.com/petalbot)"
114.119.133.91 - - [15/Oct/2020:18:02:00 +0000] "GET /media_gbusiness_issue_90.php HTTP/1.1" 200 7022 "-" "Mozilla/5.0 (Linux; Android 7.0;) AppleWebKit/537.36 (KHTML, like Gecko) Mobile Safari/537.36 (compatible; PetalBot;+https://aspiegel.com/petalbot)"
114.119.152.97 - - [15/Oct/2020:18:07:02 +0000] "GET /media_details.php?id=2018_11_09_01 HTTP/1.1" 200 7668 "-" "Mozilla/5.0 (Linux; Android 7.0;) AppleWebKit/537.36 (KHTML, like Gecko) Mobile Safari/537.36 (compatible; PetalBot;+https://aspiegel.com/petalbot)"
66.249.79.231 - - [15/Oct/2020:18:18:44 +0000] "GET /ads.txt HTTP/1.1" 404 437 "-" "Mozilla/5.0 (compatible; Googlebot/2.1; +http://www.google.com/bot.html)"
66.249.79.229 - - [15/Oct/2020:19:24:42 +0000] "GET /about_us.php HTTP/1.1" 200 11490 "-" "Mozilla/5.0 (compatible; Googlebot/2.1; +http://www.google.com/bot.html)"
156.146.63.163 - - [15/Oct/2020:19:35:06 +0000] "GET / HTTP/1.1" 200 16657 "http://richwoodvc.com/" "Mozilla/5.0 (Windows NT 6.3; Win64; x64) AppleWebKit/537.36 (KHTML, like Gecko) Chrome/67.0.3396.79 Safari/537.36"
156.146.63.163 - - [15/Oct/2020:19:35:07 +0000] "POST /index.php HTTP/1.0" 200 136619 "http://richwoodvc.com/" "Mozilla/5.0 (Windows NT 6.3; Win64; x64) AppleWebKit/537.36 (KHTML, like Gecko) Chrome/67.0.3396.79 Safari/537.36"
66.249.79.251 - - [15/Oct/2020:20:18:46 +0000] "GET /robots.txt HTTP/1.1" 404 437 "-" "Mozilla/5.0 (compatible; Googlebot/2.1; +http://www.google.com/bot.html)"
66.249.79.249 - - [15/Oct/2020:20:18:47 +0000] "GET /ads.txt HTTP/1.1" 404 437 "-" "Mozilla/5.0 (compatible; Googlebot/2.1; +http://www.google.com/bot.html)"
114.119.134.148 - - [15/Oct/2020:20:32:32 +0000] "GET /media_details.php?id=2018_11_01_01 HTTP/1.1" 200 7800 "-" "Mozilla/5.0 (Linux; Android 7.0;) AppleWebKit/537.36 (KHTML, like Gecko) Mobile Safari/537.36 (compatible; PetalBot;+https://aspiegel.com/petalbot)"
114.119.146.241 - - [15/Oct/2020:20:47:38 +0000] "GET /media.php HTTP/1.1" 200 7447 "-" "Mozilla/5.0 (Linux; Android 7.0;) AppleWebKit/537.36 (KHTML, like Gecko) Mobile Safari/537.36 (compatible; PetalBot;+https://aspiegel.com/petalbot)"
39.101.67.145 - - [15/Oct/2020:21:00:36 +0000] "GET /data/admin/allowurl.txt HTTP/1.1" 404 437 "-" "Mozilla/5.0 (Windows NT 10.0; WOW64; rv:48.0) Gecko/20100101 Firefox/48.0"
112.124.0.114 - - [15/Oct/2020:22:31:42 +0000] "GET /dedea/login.php HTTP/1.1" 404 437 "-" "-"
112.124.0.114 - - [15/Oct/2020:22:31:43 +0000] "GET /dede123/login.php HTTP/1.1" 404 437 "-" "-"
112.124.0.114 - - [15/Oct/2020:22:31:43 +0000] "GET /houtai/login.php HTTP/1.1" 404 437 "-" "-"
112.124.0.114 - - [15/Oct/2020:22:31:43 +0000] "GET /guanli/login.php HTTP/1.1" 404 437 "-" "-"
112.124.0.114 - - [15/Oct/2020:22:31:43 +0000] "GET /jian/login.php HTTP/1.1" 404 437 "-" "-"
112.124.0.114 - - [15/Oct/2020:22:31:43 +0000] "GET /dede/login.php HTTP/1.1" 404 437 "-" "-"
112.124.0.114 - - [15/Oct/2020:22:31:43 +0000] "GET /chen/login.php HTTP/1.1" 404 437 "-" "-"
112.124.0.114 - - [15/Oct/2020:22:31:43 +0000] "GET /wang/login.php HTTP/1.1" 404 437 "-" "-"
112.124.0.114 - - [15/Oct/2020:22:31:43 +0000] "GET /admin/login.php HTTP/1.1" 200 809 "-" "-"
112.124.0.114 - - [15/Oct/2020:22:31:43 +0000] "GET /admin/%20login.php HTTP/1.1" 404 190 "-" "-"
112.124.0.114 - - [15/Oct/2020:22:31:44 +0000] "GET /caiyuan/login.php HTTP/1.1" 404 437 "-" "-"
114.119.151.206 - - [15/Oct/2020:22:32:55 +0000] "GET /media_details.php?id=2018_11_02_01 HTTP/1.1" 200 8534 "-" "Mozilla/5.0 (Linux; Android 7.0;) AppleWebKit/537.36 (KHTML, like Gecko) Mobile Safari/537.36 (compatible; PetalBot;+https://aspiegel.com/petalbot)"
210.195.180.118 - - [15/Oct/2020:23:40:21 +0000] "GET / HTTP/1.1" 200 16655 "https://www.google.com.my/" "Mozilla/5.0 (iPhone; CPU iPhone OS 14_0_1 like Mac OS X) AppleWebKit/605.1.15 (KHTML, like Gecko) Version/14.0 Mobile/15E148 Safari/604.1"
210.195.180.118 - - [15/Oct/2020:23:40:22 +0000] "GET /assets/fonts/Montserrat-Light.ttf HTTP/1.1" 200 53068 "http://richwoodvc.com/" "Mozilla/5.0 (iPhone; CPU iPhone OS 14_0_1 like Mac OS X) AppleWebKit/605.1.15 (KHTML, like Gecko) Version/14.0 Mobile/15E148 Safari/604.1"
210.195.180.118 - - [15/Oct/2020:23:40:22 +0000] "GET /assets/fonts/Montserrat-SemiBold.ttf HTTP/1.1" 200 67349 "http://richwoodvc.com/" "Mozilla/5.0 (iPhone; CPU iPhone OS 14_0_1 like Mac OS X) AppleWebKit/605.1.15 (KHTML, like Gecko) Version/14.0 Mobile/15E148 Safari/604.1"
210.195.180.118 - - [15/Oct/2020:23:43:57 +0000] "GET /video.php HTTP/1.1" 200 7970 "https://www.google.com.my/" "Mozilla/5.0 (iPhone; CPU iPhone OS 14_0_1 like Mac OS X) AppleWebKit/605.1.15 (KHTML, like Gecko) Version/14.0 Mobile/15E148 Safari/604.1"
210.195.180.118 - - [15/Oct/2020:23:43:58 +0000] "GET /assets/fonts/Montserrat-SemiBold.ttf HTTP/1.1" 200 67349 "http://richwoodvc.com/video.php" "Mozilla/5.0 (iPhone; CPU iPhone OS 14_0_1 like Mac OS X) AppleWebKit/605.1.15 (KHTML, like Gecko) Version/14.0 Mobile/15E148 Safari/604.1"
162.243.166.11 - - [15/Oct/2020:23:47:34 +0000] "GET /wp-login.php HTTP/1.1" 404 190 "-" "demo"
64.7.65.235 - - [15/Oct/2020:23:47:34 +0000] "GET /wp-login.php HTTP/1.1" 404 190 "-" "demo"
64.7.65.235 - - [15/Oct/2020:23:47:34 +0000] "POST /wp-1ogin_bak.php HTTP/1.0" 404 170 "-" "Clone"
162.243.166.11 - - [15/Oct/2020:23:47:34 +0000] "POST /wp-1ogin_bak.php HTTP/1.0" 404 170 "-" "Clone"
64.7.65.235 - - [15/Oct/2020:23:47:35 +0000] "POST /media-admin.php HTTP/1.0" 404 170 "-" "Clone"
162.243.166.11 - - [15/Oct/2020:23:47:35 +0000] "POST /media-admin.php HTTP/1.0" 404 170 "-" "Clone"
64.7.65.235 - - [15/Oct/2020:23:47:35 +0000] "POST /gank.php.PhP HTTP/1.0" 404 456 "-" "Clone"
162.243.166.11 - - [15/Oct/2020:23:47:35 +0000] "POST /gank.php.PhP HTTP/1.0" 404 456 "-" "Clone"
64.7.65.235 - - [15/Oct/2020:23:47:36 +0000] "POST /ups.php HTTP/1.0" 404 170 "-" "Clone"
162.243.166.11 - - [15/Oct/2020:23:47:36 +0000] "POST /ups.php HTTP/1.0" 404 170 "-" "Clone"
64.7.65.235 - - [15/Oct/2020:23:47:36 +0000] "POST /accesson.php HTTP/1.0" 404 170 "-" "Clone"
162.243.166.11 - - [15/Oct/2020:23:47:36 +0000] "POST /accesson.php HTTP/1.0" 404 170 "-" "Clone"
64.7.65.235 - - [15/Oct/2020:23:47:37 +0000] "POST /wp-admin/admin-ajax.php HTTP/1.0" 404 456 "-" "Clone"
162.243.166.11 - - [15/Oct/2020:23:47:37 +0000] "POST /wp-admin/admin-ajax.php HTTP/1.0" 404 456 "-" "Clone"
64.7.65.235 - - [15/Oct/2020:23:47:37 +0000] "POST /wp-admin/admin-ajax.php HTTP/1.0" 404 456 "-" "Clone"
162.243.166.11 - - [15/Oct/2020:23:47:37 +0000] "POST /wp-admin/admin-ajax.php HTTP/1.0" 404 456 "-" "Clone"
64.7.65.235 - - [15/Oct/2020:23:47:38 +0000] "POST /wp-admin/admin-ajax.php HTTP/1.0" 404 456 "-" "Clone"
162.243.166.11 - - [15/Oct/2020:23:47:38 +0000] "POST /wp-admin/admin-ajax.php HTTP/1.0" 404 456 "-" "Clone"
64.7.65.235 - - [15/Oct/2020:23:47:38 +0000] "POST /wp-content/plugins/wp-file-manager/lib/php/connector.minimal.php HTTP/1.0" 404 456 "-" "Clone"
162.243.166.11 - - [15/Oct/2020:23:47:38 +0000] "POST /wp-content/plugins/wp-file-manager/lib/php/connector.minimal.php HTTP/1.0" 404 456 "-" "Clone"
64.7.65.235 - - [15/Oct/2020:23:47:38 +0000] "POST /wp-admin/admin-ajax.php HTTP/1.0" 404 456 "-" "Clone"
162.243.166.11 - - [15/Oct/2020:23:47:39 +0000] "POST /wp-admin/admin-ajax.php HTTP/1.0" 404 456 "-" "Clone"
114.119.133.91 - - [15/Oct/2020:23:48:24 +0000] "GET /media_details.php?id=2018_11_04_01 HTTP/1.1" 200 8505 "-" "Mozilla/5.0 (Linux; Android 7.0;) AppleWebKit/537.36 (KHTML, like Gecko) Mobile Safari/537.36 (compatible; PetalBot;+https://aspiegel.com/petalbot)"
