114.119.152.97 - - [16/Oct/2020:00:18:28 +0000] "GET /ec/upload/event/8/8_81.JPG?5f863c785fe021394940388 HTTP/1.1" 200 1358731 "-" "Mozilla/5.0 (Linux; Android 7.0;) AppleWebKit/537.36 (KHTML, like Gecko) Mobile Safari/537.36 (compatible; PetalBot;+https://aspiegel.com/petalbot)"
114.119.139.224 - - [16/Oct/2020:00:23:28 +0000] "GET /assets/img/subsidiaries/mpt.png?1590321703 HTTP/1.1" 200 14752 "-" "Mozilla/5.0 (Linux; Android 7.0;) AppleWebKit/537.36 (KHTML, like Gecko) Mobile Safari/537.36 (compatible; PetalBot;+https://aspiegel.com/petalbot)"
114.119.135.201 - - [16/Oct/2020:00:28:31 +0000] "GET /assets/img/projects/biotechnology/biotechnology/cover_full_mobile.jpg?1602144572 HTTP/1.1" 200 357982 "-" "Mozilla/5.0 (Linux; Android 7.0;) AppleWebKit/537.36 (KHTML, like Gecko) Mobile Safari/537.36 (compatible; PetalBot;+https://aspiegel.com/petalbot)"
40.77.167.163 - - [16/Oct/2020:00:32:44 +0000] "GET /assets/img/certificates/certificate_07.png?1600108028 HTTP/1.1" 200 1880874 "-" "Mozilla/5.0 (compatible; bingbot/2.0; +http://www.bing.com/bingbot.htm)"
66.249.79.233 - - [16/Oct/2020:00:34:52 +0000] "GET /assets/img/logo.png?1602805437 HTTP/1.1" 200 11637 "-" "Googlebot-Image/1.0"
113.210.124.242 - - [16/Oct/2020:00:41:23 +0000] "GET /assets/css/wp-block-library-css.css?1602805221 HTTP/1.1" 200 4297 "http://richwoodvc.com/" "Mozilla/5.0 (Linux; Android 10; VOG-L29) AppleWebKit/537.36 (KHTML, like Gecko) Chrome/86.0.4240.75 Mobile Safari/537.36"
113.210.124.242 - - [16/Oct/2020:00:41:23 +0000] "GET /assets/css/rs-plugin-settings-css.css?1602805221 HTTP/1.1" 200 7563 "http://richwoodvc.com/" "Mozilla/5.0 (Linux; Android 10; VOG-L29) AppleWebKit/537.36 (KHTML, like Gecko) Chrome/86.0.4240.75 Mobile Safari/537.36"
113.210.124.242 - - [16/Oct/2020:00:41:23 +0000] "GET /assets/css/js_composer_front-css.css?1602805221 HTTP/1.1" 200 44990 "http://richwoodvc.com/" "Mozilla/5.0 (Linux; Android 10; VOG-L29) AppleWebKit/537.36 (KHTML, like Gecko) Chrome/86.0.4240.75 Mobile Safari/537.36"
113.210.124.242 - - [16/Oct/2020:00:41:23 +0000] "GET /assets/css/goarch_style_wp-css.css?1602805221 HTTP/1.1" 200 946 "http://richwoodvc.com/" "Mozilla/5.0 (Linux; Android 10; VOG-L29) AppleWebKit/537.36 (KHTML, like Gecko) Chrome/86.0.4240.75 Mobile Safari/537.36"
113.210.124.242 - - [16/Oct/2020:00:41:23 +0000] "GET /assets/js/jquery.js?1602805221 HTTP/1.1" 200 33805 "http://richwoodvc.com/" "Mozilla/5.0 (Linux; Android 10; VOG-L29) AppleWebKit/537.36 (KHTML, like Gecko) Chrome/86.0.4240.75 Mobile Safari/537.36"
113.210.124.242 - - [16/Oct/2020:00:41:23 +0000] "GET /assets/js/jquery-migrate.min.js?1602805221 HTTP/1.1" 200 4029 "http://richwoodvc.com/" "Mozilla/5.0 (Linux; Android 10; VOG-L29) AppleWebKit/537.36 (KHTML, like Gecko) Chrome/86.0.4240.75 Mobile Safari/537.36"
113.210.124.242 - - [16/Oct/2020:00:41:23 +0000] "GET /assets/js/jquery.themepunch.tools.min.js?1602805221 HTTP/1.1" 200 37361 "http://richwoodvc.com/" "Mozilla/5.0 (Linux; Android 10; VOG-L29) AppleWebKit/537.36 (KHTML, like Gecko) Chrome/86.0.4240.75 Mobile Safari/537.36"
113.210.124.242 - - [16/Oct/2020:00:41:23 +0000] "GET /assets/js/jquery.themepunch.revolution.min.js?1602805221 HTTP/1.1" 200 16611 "http://richwoodvc.com/" "Mozilla/5.0 (Linux; Android 10; VOG-L29) AppleWebKit/537.36 (KHTML, like Gecko) Chrome/86.0.4240.75 Mobile Safari/537.36"
113.210.124.242 - - [16/Oct/2020:00:41:24 +0000] "GET /assets/js/email-decode.min.js?1602805221 HTTP/1.1" 200 665 "http://richwoodvc.com/" "Mozilla/5.0 (Linux; Android 10; VOG-L29) AppleWebKit/537.36 (KHTML, like Gecko) Chrome/86.0.4240.75 Mobile Safari/537.36"
113.210.124.242 - - [16/Oct/2020:00:41:24 +0000] "GET /assets/css/goarch_main_style-css.css?1602805221 HTTP/1.1" 200 65153 "http://richwoodvc.com/" "Mozilla/5.0 (Linux; Android 10; VOG-L29) AppleWebKit/537.36 (KHTML, like Gecko) Chrome/86.0.4240.75 Mobile Safari/537.36"
113.210.124.242 - - [16/Oct/2020:00:41:24 +0000] "GET /assets/js/bootstrap.min.js?1602805221 HTTP/1.1" 200 9946 "http://richwoodvc.com/" "Mozilla/5.0 (Linux; Android 10; VOG-L29) AppleWebKit/537.36 (KHTML, like Gecko) Chrome/86.0.4240.75 Mobile Safari/537.36"
113.210.124.242 - - [16/Oct/2020:00:41:24 +0000] "GET /assets/js/jquery.validate.min.js?1602805221 HTTP/1.1" 200 6383 "http://richwoodvc.com/" "Mozilla/5.0 (Linux; Android 10; VOG-L29) AppleWebKit/537.36 (KHTML, like Gecko) Chrome/86.0.4240.75 Mobile Safari/537.36"
113.210.124.242 - - [16/Oct/2020:00:41:24 +0000] "GET /assets/js/wow.min.js?1602805221 HTTP/1.1" 200 2767 "http://richwoodvc.com/" "Mozilla/5.0 (Linux; Android 10; VOG-L29) AppleWebKit/537.36 (KHTML, like Gecko) Chrome/86.0.4240.75 Mobile Safari/537.36"
113.210.124.242 - - [16/Oct/2020:00:41:24 +0000] "GET /assets/js/jquery.stellar.min.js?1602805221 HTTP/1.1" 200 3422 "http://richwoodvc.com/" "Mozilla/5.0 (Linux; Android 10; VOG-L29) AppleWebKit/537.36 (KHTML, like Gecko) Chrome/86.0.4240.75 Mobile Safari/537.36"
113.210.124.242 - - [16/Oct/2020:00:41:24 +0000] "GET /assets/js/jquery.magnific-popup.js?1602805221 HTTP/1.1" 200 8732 "http://richwoodvc.com/" "Mozilla/5.0 (Linux; Android 10; VOG-L29) AppleWebKit/537.36 (KHTML, like Gecko) Chrome/86.0.4240.75 Mobile Safari/537.36"
113.210.124.242 - - [16/Oct/2020:00:41:24 +0000] "GET /assets/js/owl.carousel.min.js?1602805221 HTTP/1.1" 200 6542 "http://richwoodvc.com/" "Mozilla/5.0 (Linux; Android 10; VOG-L29) AppleWebKit/537.36 (KHTML, like Gecko) Chrome/86.0.4240.75 Mobile Safari/537.36"
113.210.124.242 - - [16/Oct/2020:00:41:24 +0000] "GET /assets/js/interface.js?1602805221 HTTP/1.1" 200 1430 "http://richwoodvc.com/" "Mozilla/5.0 (Linux; Android 10; VOG-L29) AppleWebKit/537.36 (KHTML, like Gecko) Chrome/86.0.4240.75 Mobile Safari/537.36"
113.210.124.242 - - [16/Oct/2020:00:41:24 +0000] "GET /assets/js/gmap.js?1602805221 HTTP/1.1" 200 196 "http://richwoodvc.com/" "Mozilla/5.0 (Linux; Android 10; VOG-L29) AppleWebKit/537.36 (KHTML, like Gecko) Chrome/86.0.4240.75 Mobile Safari/537.36"
113.210.124.242 - - [16/Oct/2020:00:41:24 +0000] "GET /assets/js/comment-reply.min.js?1602805221 HTTP/1.1" 200 1105 "http://richwoodvc.com/" "Mozilla/5.0 (Linux; Android 10; VOG-L29) AppleWebKit/537.36 (KHTML, like Gecko) Chrome/86.0.4240.75 Mobile Safari/537.36"
113.210.124.242 - - [16/Oct/2020:00:41:24 +0000] "GET /assets/js/wp-embed.min.js?1602805221 HTTP/1.1" 200 765 "http://richwoodvc.com/" "Mozilla/5.0 (Linux; Android 10; VOG-L29) AppleWebKit/537.36 (KHTML, like Gecko) Chrome/86.0.4240.75 Mobile Safari/537.36"
113.210.124.242 - - [16/Oct/2020:00:41:24 +0000] "GET /assets/js/js_composer_front.min.js?1602805221 HTTP/1.1" 200 5666 "http://richwoodvc.com/" "Mozilla/5.0 (Linux; Android 10; VOG-L29) AppleWebKit/537.36 (KHTML, like Gecko) Chrome/86.0.4240.75 Mobile Safari/537.36"
114.119.133.91 - - [16/Oct/2020:00:48:33 +0000] "GET /assets/img/subsidiaries/qmis.png?1591628741 HTTP/1.1" 200 9689 "-" "Mozilla/5.0 (Linux; Android 7.0;) AppleWebKit/537.36 (KHTML, like Gecko) Mobile Safari/537.36 (compatible; PetalBot;+https://aspiegel.com/petalbot)"
114.119.131.245 - - [16/Oct/2020:00:53:36 +0000] "GET /assets/img/subsidiaries/pantop_corporation.png?1590870609 HTTP/1.1" 200 38509 "-" "Mozilla/5.0 (Linux; Android 7.0;) AppleWebKit/537.36 (KHTML, like Gecko) Mobile Safari/537.36 (compatible; PetalBot;+https://aspiegel.com/petalbot)"
114.119.133.91 - - [16/Oct/2020:00:59:02 +0000] "GET /ec/upload/event/6/6_122.JPG?5f7d1c9eed94c717825634 HTTP/1.1" 200 998846 "-" "Mozilla/5.0 (Linux; Android 7.0;) AppleWebKit/537.36 (KHTML, like Gecko) Mobile Safari/537.36 (compatible; PetalBot;+https://aspiegel.com/petalbot)"
114.119.139.224 - - [16/Oct/2020:01:03:39 +0000] "GET /assets/img/subsidiaries/qmistbs.png?1590063159 HTTP/1.1" 200 21864 "-" "Mozilla/5.0 (Linux; Android 7.0;) AppleWebKit/537.36 (KHTML, like Gecko) Mobile Safari/537.36 (compatible; PetalBot;+https://aspiegel.com/petalbot)"
66.249.79.229 - - [16/Oct/2020:01:04:38 +0000] "GET /ec/upload/event/6.JPG?5f8785998d99d177788970 HTTP/1.1" 200 1240074 "-" "Googlebot-Image/1.0"
114.119.139.224 - - [16/Oct/2020:01:08:53 +0000] "GET /assets/img/subsidiaries/mpt.png?1586086955 HTTP/1.1" 200 14752 "-" "Mozilla/5.0 (Linux; Android 7.0;) AppleWebKit/537.36 (KHTML, like Gecko) Mobile Safari/537.36 (compatible; PetalBot;+https://aspiegel.com/petalbot)"
114.119.151.206 - - [16/Oct/2020:01:13:40 +0000] "GET /assets/img/certificates/certificate_06.png?1590397977 HTTP/1.1" 200 1727975 "-" "Mozilla/5.0 (Linux; Android 7.0;) AppleWebKit/537.36 (KHTML, like Gecko) Mobile Safari/537.36 (compatible; PetalBot;+https://aspiegel.com/petalbot)"
114.119.152.97 - - [16/Oct/2020:01:18:41 +0000] "GET /assets/img/projects/development/perak_sitiawan_hotel/cover_full.jpg?1602486767 HTTP/1.1" 200 206886 "-" "Mozilla/5.0 (Linux; Android 7.0;) AppleWebKit/537.36 (KHTML, like Gecko) Mobile Safari/537.36 (compatible; PetalBot;+https://aspiegel.com/petalbot)"
114.119.134.148 - - [16/Oct/2020:01:23:42 +0000] "GET /assets/img/media/2018_11_09_02/cover.jpg?1586292282 HTTP/1.1" 200 212820 "-" "Mozilla/5.0 (Linux; Android 7.0;) AppleWebKit/537.36 (KHTML, like Gecko) Mobile Safari/537.36 (compatible; PetalBot;+https://aspiegel.com/petalbot)"
114.119.152.97 - - [16/Oct/2020:01:28:43 +0000] "GET /assets/img/subsidiaries/qmis.png?1592133745 HTTP/1.1" 200 9689 "-" "Mozilla/5.0 (Linux; Android 7.0;) AppleWebKit/537.36 (KHTML, like Gecko) Mobile Safari/537.36 (compatible; PetalBot;+https://aspiegel.com/petalbot)"
66.249.79.233 - - [16/Oct/2020:01:32:29 +0000] "GET /ec/upload/event/7.JPG?5f8896443bd581415570327 HTTP/1.1" 200 1508030 "-" "Googlebot-Image/1.0"
114.119.131.245 - - [16/Oct/2020:01:33:47 +0000] "GET /assets/img/subsidiaries/qmis.png?1591754894 HTTP/1.1" 200 9689 "-" "Mozilla/5.0 (Linux; Android 7.0;) AppleWebKit/537.36 (KHTML, like Gecko) Mobile Safari/537.36 (compatible; PetalBot;+https://aspiegel.com/petalbot)"
114.119.131.245 - - [16/Oct/2020:01:38:46 +0000] "GET /assets/img/subsidiaries/qmis_white.png?1586210569 HTTP/1.1" 200 9187 "-" "Mozilla/5.0 (Linux; Android 7.0;) AppleWebKit/537.36 (KHTML, like Gecko) Mobile Safari/537.36 (compatible; PetalBot;+https://aspiegel.com/petalbot)"
157.55.39.90 - - [16/Oct/2020:01:43:29 +0000] "GET /assets/img/logo.png?1600343066 HTTP/1.1" 200 11637 "-" "Mozilla/5.0 (compatible; bingbot/2.0; +http://www.bing.com/bingbot.htm)"
114.119.131.245 - - [16/Oct/2020:01:43:50 +0000] "GET /assets/img/subsidiaries/qmis.png?1590246272 HTTP/1.1" 200 9689 "-" "Mozilla/5.0 (Linux; Android 7.0;) AppleWebKit/537.36 (KHTML, like Gecko) Mobile Safari/537.36 (compatible; PetalBot;+https://aspiegel.com/petalbot)"
114.119.135.201 - - [16/Oct/2020:01:48:51 +0000] "GET /assets/img/subsidiaries/qmis.png?1586175964 HTTP/1.1" 200 9689 "-" "Mozilla/5.0 (Linux; Android 7.0;) AppleWebKit/537.36 (KHTML, like Gecko) Mobile Safari/537.36 (compatible; PetalBot;+https://aspiegel.com/petalbot)"
114.119.129.74 - - [16/Oct/2020:01:53:52 +0000] "GET /ec/upload/event/7/7_67.JPG?5f873604c09ac1609459297 HTTP/1.1" 200 1235518 "-" "Mozilla/5.0 (Linux; Android 7.0;) AppleWebKit/537.36 (KHTML, like Gecko) Mobile Safari/537.36 (compatible; PetalBot;+https://aspiegel.com/petalbot)"
114.119.135.201 - - [16/Oct/2020:01:58:53 +0000] "GET /assets/img/subsidiaries/qmis.png?1590953231 HTTP/1.1" 200 9689 "-" "Mozilla/5.0 (Linux; Android 7.0;) AppleWebKit/537.36 (KHTML, like Gecko) Mobile Safari/537.36 (compatible; PetalBot;+https://aspiegel.com/petalbot)"
66.249.79.231 - - [16/Oct/2020:02:01:16 +0000] "GET /ec/upload/event/5.jpg?5f8896443bd0e1973460372 HTTP/1.1" 200 369782 "-" "Googlebot-Image/1.0"
114.119.141.18 - - [16/Oct/2020:02:03:54 +0000] "GET /assets/img/media/2018_11_09_02/cover.jpg?1586473704 HTTP/1.1" 200 212820 "-" "Mozilla/5.0 (Linux; Android 7.0;) AppleWebKit/537.36 (KHTML, like Gecko) Mobile Safari/537.36 (compatible; PetalBot;+https://aspiegel.com/petalbot)"
114.119.151.206 - - [16/Oct/2020:02:14:02 +0000] "GET /ec/upload/event/17/17_211.jpeg?5f8318d6958061656634952 HTTP/1.1" 200 54386 "-" "Mozilla/5.0 (Linux; Android 7.0;) AppleWebKit/537.36 (KHTML, like Gecko) Mobile Safari/537.36 (compatible; PetalBot;+https://aspiegel.com/petalbot)"
114.119.141.18 - - [16/Oct/2020:02:19:27 +0000] "GET /assets/img/team_new/latest/cherise_wong.png?1602575588 HTTP/1.1" 200 192720 "-" "Mozilla/5.0 (Linux; Android 7.0;) AppleWebKit/537.36 (KHTML, like Gecko) Mobile Safari/537.36 (compatible; PetalBot;+https://aspiegel.com/petalbot)"
124.13.9.215 - - [16/Oct/2020:02:20:33 +0000] "GET /assets/css/wp-block-library-css.css?1602805221 HTTP/1.1" 200 4297 "http://richwoodvc.com/" "Mozilla/5.0 (Windows NT 10.0; Win64; x64) AppleWebKit/537.36 (KHTML, like Gecko) Chrome/86.0.4240.75 Safari/537.36"
124.13.9.215 - - [16/Oct/2020:02:20:33 +0000] "GET /assets/js/jquery-migrate.min.js?1602805221 HTTP/1.1" 200 4029 "http://richwoodvc.com/" "Mozilla/5.0 (Windows NT 10.0; Win64; x64) AppleWebKit/537.36 (KHTML, like Gecko) Chrome/86.0.4240.75 Safari/537.36"
124.13.9.215 - - [16/Oct/2020:02:20:33 +0000] "GET /assets/css/js_composer_front-css.css?1602805221 HTTP/1.1" 200 44990 "http://richwoodvc.com/" "Mozilla/5.0 (Windows NT 10.0; Win64; x64) AppleWebKit/537.36 (KHTML, like Gecko) Chrome/86.0.4240.75 Safari/537.36"
124.13.9.215 - - [16/Oct/2020:02:20:33 +0000] "GET /assets/css/goarch_style_wp-css.css?1602805221 HTTP/1.1" 200 946 "http://richwoodvc.com/" "Mozilla/5.0 (Windows NT 10.0; Win64; x64) AppleWebKit/537.36 (KHTML, like Gecko) Chrome/86.0.4240.75 Safari/537.36"
124.13.9.215 - - [16/Oct/2020:02:20:33 +0000] "GET /assets/js/jquery.js?1602805221 HTTP/1.1" 200 33805 "http://richwoodvc.com/" "Mozilla/5.0 (Windows NT 10.0; Win64; x64) AppleWebKit/537.36 (KHTML, like Gecko) Chrome/86.0.4240.75 Safari/537.36"
124.13.9.215 - - [16/Oct/2020:02:20:33 +0000] "GET /assets/css/goarch_main_style-css.css?1602805221 HTTP/1.1" 200 65153 "http://richwoodvc.com/" "Mozilla/5.0 (Windows NT 10.0; Win64; x64) AppleWebKit/537.36 (KHTML, like Gecko) Chrome/86.0.4240.75 Safari/537.36"
124.13.9.215 - - [16/Oct/2020:02:20:34 +0000] "GET /assets/js/jquery.themepunch.tools.min.js?1602805221 HTTP/1.1" 200 37361 "http://richwoodvc.com/" "Mozilla/5.0 (Windows NT 10.0; Win64; x64) AppleWebKit/537.36 (KHTML, like Gecko) Chrome/86.0.4240.75 Safari/537.36"
124.13.9.215 - - [16/Oct/2020:02:20:34 +0000] "GET /assets/js/jquery.themepunch.revolution.min.js?1602805221 HTTP/1.1" 200 16611 "http://richwoodvc.com/" "Mozilla/5.0 (Windows NT 10.0; Win64; x64) AppleWebKit/537.36 (KHTML, like Gecko) Chrome/86.0.4240.75 Safari/537.36"
124.13.9.215 - - [16/Oct/2020:02:20:34 +0000] "GET /assets/css/rs-plugin-settings-css.css?1602805221 HTTP/1.1" 200 7563 "http://richwoodvc.com/" "Mozilla/5.0 (Windows NT 10.0; Win64; x64) AppleWebKit/537.36 (KHTML, like Gecko) Chrome/86.0.4240.75 Safari/537.36"
124.13.9.215 - - [16/Oct/2020:02:20:34 +0000] "GET /assets/img/logo.png?1602805221 HTTP/1.1" 200 11637 "http://richwoodvc.com/" "Mozilla/5.0 (Windows NT 10.0; Win64; x64) AppleWebKit/537.36 (KHTML, like Gecko) Chrome/86.0.4240.75 Safari/537.36"
124.13.9.215 - - [16/Oct/2020:02:20:36 +0000] "GET /assets/img/slideshow/01.jpg HTTP/1.1" 200 216559 "http://richwoodvc.com/" "Mozilla/5.0 (Windows NT 10.0; Win64; x64) AppleWebKit/537.36 (KHTML, like Gecko) Chrome/86.0.4240.75 Safari/537.36"
124.13.9.215 - - [16/Oct/2020:02:20:37 +0000] "GET /assets/js/email-decode.min.js?1602805221 HTTP/1.1" 200 665 "http://richwoodvc.com/" "Mozilla/5.0 (Windows NT 10.0; Win64; x64) AppleWebKit/537.36 (KHTML, like Gecko) Chrome/86.0.4240.75 Safari/537.36"
124.13.9.215 - - [16/Oct/2020:02:20:37 +0000] "GET /assets/js/bootstrap.min.js?1602805221 HTTP/1.1" 200 9946 "http://richwoodvc.com/" "Mozilla/5.0 (Windows NT 10.0; Win64; x64) AppleWebKit/537.36 (KHTML, like Gecko) Chrome/86.0.4240.75 Safari/537.36"
124.13.9.215 - - [16/Oct/2020:02:20:38 +0000] "GET /assets/img/slideshow/03.jpg HTTP/1.1" 200 288063 "http://richwoodvc.com/" "Mozilla/5.0 (Windows NT 10.0; Win64; x64) AppleWebKit/537.36 (KHTML, like Gecko) Chrome/86.0.4240.75 Safari/537.36"
124.13.9.215 - - [16/Oct/2020:02:20:40 +0000] "GET /assets/img/mou/ibn.jpg?1602805221 HTTP/1.1" 200 500708 "http://richwoodvc.com/" "Mozilla/5.0 (Windows NT 10.0; Win64; x64) AppleWebKit/537.36 (KHTML, like Gecko) Chrome/86.0.4240.75 Safari/537.36"
124.13.9.215 - - [16/Oct/2020:02:20:43 +0000] "GET /assets/img/slideshow/02.jpg HTTP/1.1" 200 384958 "http://richwoodvc.com/" "Mozilla/5.0 (Windows NT 10.0; Win64; x64) AppleWebKit/537.36 (KHTML, like Gecko) Chrome/86.0.4240.75 Safari/537.36"
124.13.9.215 - - [16/Oct/2020:02:20:43 +0000] "GET /assets/img/next.png HTTP/1.1" 200 1140 "http://richwoodvc.com/assets/css/goarch_main_style-css.css?1602805221" "Mozilla/5.0 (Windows NT 10.0; Win64; x64) AppleWebKit/537.36 (KHTML, like Gecko) Chrome/86.0.4240.75 Safari/537.36"
124.13.9.215 - - [16/Oct/2020:02:20:46 +0000] "GET /assets/img/mou/ibn.jpg?1602805221 HTTP/1.1" 206 1 "http://richwoodvc.com/" "Mozilla/5.0 (Windows NT 10.0; Win64; x64) AppleWebKit/537.36 (KHTML, like Gecko) Chrome/86.0.4240.75 Safari/537.36"
124.13.9.215 - - [16/Oct/2020:02:20:49 +0000] "GET /assets/img/prev.png HTTP/1.1" 200 1147 "http://richwoodvc.com/assets/css/goarch_main_style-css.css?1602805221" "Mozilla/5.0 (Windows NT 10.0; Win64; x64) AppleWebKit/537.36 (KHTML, like Gecko) Chrome/86.0.4240.75 Safari/537.36"
124.13.9.215 - - [16/Oct/2020:02:20:50 +0000] "GET /assets/js/jquery.validate.min.js?1602805221 HTTP/1.1" 200 6383 "http://richwoodvc.com/" "Mozilla/5.0 (Windows NT 10.0; Win64; x64) AppleWebKit/537.36 (KHTML, like Gecko) Chrome/86.0.4240.75 Safari/537.36"
124.13.9.215 - - [16/Oct/2020:02:20:54 +0000] "GET /assets/js/wow.min.js?1602805221 HTTP/1.1" 200 2767 "http://richwoodvc.com/" "Mozilla/5.0 (Windows NT 10.0; Win64; x64) AppleWebKit/537.36 (KHTML, like Gecko) Chrome/86.0.4240.75 Safari/537.36"
124.13.9.215 - - [16/Oct/2020:02:20:57 +0000] "GET /assets/js/jquery.magnific-popup.js?1602805221 HTTP/1.1" 200 8732 "http://richwoodvc.com/" "Mozilla/5.0 (Windows NT 10.0; Win64; x64) AppleWebKit/537.36 (KHTML, like Gecko) Chrome/86.0.4240.75 Safari/537.36"
124.13.9.215 - - [16/Oct/2020:02:20:58 +0000] "GET /assets/js/owl.carousel.min.js?1602805221 HTTP/1.1" 200 6542 "http://richwoodvc.com/" "Mozilla/5.0 (Windows NT 10.0; Win64; x64) AppleWebKit/537.36 (KHTML, like Gecko) Chrome/86.0.4240.75 Safari/537.36"
124.13.9.215 - - [16/Oct/2020:02:20:58 +0000] "GET /assets/js/interface.js?1602805221 HTTP/1.1" 200 1430 "http://richwoodvc.com/" "Mozilla/5.0 (Windows NT 10.0; Win64; x64) AppleWebKit/537.36 (KHTML, like Gecko) Chrome/86.0.4240.75 Safari/537.36"
124.13.9.215 - - [16/Oct/2020:02:20:58 +0000] "GET /assets/js/gmap.js?1602805221 HTTP/1.1" 200 196 "http://richwoodvc.com/" "Mozilla/5.0 (Windows NT 10.0; Win64; x64) AppleWebKit/537.36 (KHTML, like Gecko) Chrome/86.0.4240.75 Safari/537.36"
124.13.9.215 - - [16/Oct/2020:02:20:58 +0000] "GET /assets/js/comment-reply.min.js?1602805221 HTTP/1.1" 200 1105 "http://richwoodvc.com/" "Mozilla/5.0 (Windows NT 10.0; Win64; x64) AppleWebKit/537.36 (KHTML, like Gecko) Chrome/86.0.4240.75 Safari/537.36"
124.13.9.215 - - [16/Oct/2020:02:20:58 +0000] "GET /assets/js/wp-embed.min.js?1602805221 HTTP/1.1" 200 765 "http://richwoodvc.com/" "Mozilla/5.0 (Windows NT 10.0; Win64; x64) AppleWebKit/537.36 (KHTML, like Gecko) Chrome/86.0.4240.75 Safari/537.36"
124.13.9.215 - - [16/Oct/2020:02:20:58 +0000] "GET /assets/img/mou/cambodia.jpg?1602805221 HTTP/1.1" 200 1003016 "http://richwoodvc.com/" "Mozilla/5.0 (Windows NT 10.0; Win64; x64) AppleWebKit/537.36 (KHTML, like Gecko) Chrome/86.0.4240.75 Safari/537.36"
124.13.9.215 - - [16/Oct/2020:02:20:58 +0000] "GET /assets/js/js_composer_front.min.js?1602805221 HTTP/1.1" 200 5666 "http://richwoodvc.com/" "Mozilla/5.0 (Windows NT 10.0; Win64; x64) AppleWebKit/537.36 (KHTML, like Gecko) Chrome/86.0.4240.75 Safari/537.36"
124.13.9.215 - - [16/Oct/2020:02:20:59 +0000] "GET /assets/js/jquery.stellar.min.js?1602805221 HTTP/1.1" 200 3422 "http://richwoodvc.com/" "Mozilla/5.0 (Windows NT 10.0; Win64; x64) AppleWebKit/537.36 (KHTML, like Gecko) Chrome/86.0.4240.75 Safari/537.36"
124.13.9.215 - - [16/Oct/2020:02:21:10 +0000] "GET /assets/img/mou/ibn.jpg?1602805221 HTTP/1.1" 206 559300 "http://richwoodvc.com/" "Mozilla/5.0 (Windows NT 10.0; Win64; x64) AppleWebKit/537.36 (KHTML, like Gecko) Chrome/86.0.4240.75 Safari/537.36"
124.13.9.215 - - [16/Oct/2020:02:21:12 +0000] "GET /assets/img/richwood_assets.png?1602805221 HTTP/1.1" 200 569734 "http://richwoodvc.com/" "Mozilla/5.0 (Windows NT 10.0; Win64; x64) AppleWebKit/537.36 (KHTML, like Gecko) Chrome/86.0.4240.75 Safari/537.36"
124.13.9.215 - - [16/Oct/2020:02:21:21 +0000] "GET /assets/img/richwood_projects.png?1602805221 HTTP/1.1" 200 537045 "http://richwoodvc.com/" "Mozilla/5.0 (Windows NT 10.0; Win64; x64) AppleWebKit/537.36 (KHTML, like Gecko) Chrome/86.0.4240.75 Safari/537.36"
124.13.9.215 - - [16/Oct/2020:02:21:39 +0000] "GET /assets/img/certificates/certificate_08.png?1602805221 HTTP/1.1" 200 2403691 "http://richwoodvc.com/" "Mozilla/5.0 (Windows NT 10.0; Win64; x64) AppleWebKit/537.36 (KHTML, like Gecko) Chrome/86.0.4240.75 Safari/537.36"
124.13.9.215 - - [16/Oct/2020:02:21:39 +0000] "GET /assets/img/certificates/certificate_07.png?1602805221 HTTP/1.1" 200 1880874 "http://richwoodvc.com/" "Mozilla/5.0 (Windows NT 10.0; Win64; x64) AppleWebKit/537.36 (KHTML, like Gecko) Chrome/86.0.4240.75 Safari/537.36"
124.13.9.215 - - [16/Oct/2020:02:21:56 +0000] "GET /assets/img/certificates/certificate_02.png?1602805221 HTTP/1.1" 200 323796 "http://richwoodvc.com/" "Mozilla/5.0 (Windows NT 10.0; Win64; x64) AppleWebKit/537.36 (KHTML, like Gecko) Chrome/86.0.4240.75 Safari/537.36"
124.13.9.215 - - [16/Oct/2020:02:21:56 +0000] "GET /assets/img/certificates/certificate_09.png?1602805221 HTTP/1.1" 200 1187736 "http://richwoodvc.com/" "Mozilla/5.0 (Windows NT 10.0; Win64; x64) AppleWebKit/537.36 (KHTML, like Gecko) Chrome/86.0.4240.75 Safari/537.36"
124.13.9.215 - - [16/Oct/2020:02:21:56 +0000] "GET /assets/img/certificates/certificate_04.png?1602805221 HTTP/1.1" 200 492228 "http://richwoodvc.com/" "Mozilla/5.0 (Windows NT 10.0; Win64; x64) AppleWebKit/537.36 (KHTML, like Gecko) Chrome/86.0.4240.75 Safari/537.36"
124.13.9.215 - - [16/Oct/2020:02:21:56 +0000] "GET /assets/img/certificates/certificate_10.png?1602805221 HTTP/1.1" 200 268620 "http://richwoodvc.com/" "Mozilla/5.0 (Windows NT 10.0; Win64; x64) AppleWebKit/537.36 (KHTML, like Gecko) Chrome/86.0.4240.75 Safari/537.36"
124.13.9.215 - - [16/Oct/2020:02:21:59 +0000] "GET /assets/img/certificates/certificate_09.png?1602805221 HTTP/1.1" 206 1 "http://richwoodvc.com/" "Mozilla/5.0 (Windows NT 10.0; Win64; x64) AppleWebKit/537.36 (KHTML, like Gecko) Chrome/86.0.4240.75 Safari/537.36"
124.13.9.215 - - [16/Oct/2020:02:21:59 +0000] "GET /assets/img/certificates/certificate_07.png?1602805221 HTTP/1.1" 206 1 "http://richwoodvc.com/" "Mozilla/5.0 (Windows NT 10.0; Win64; x64) AppleWebKit/537.36 (KHTML, like Gecko) Chrome/86.0.4240.75 Safari/537.36"
124.13.9.215 - - [16/Oct/2020:02:22:00 +0000] "GET /assets/img/certificates/certificate_10.png?1602805221 HTTP/1.1" 206 1 "http://richwoodvc.com/" "Mozilla/5.0 (Windows NT 10.0; Win64; x64) AppleWebKit/537.36 (KHTML, like Gecko) Chrome/86.0.4240.75 Safari/537.36"
124.13.9.215 - - [16/Oct/2020:02:22:00 +0000] "GET /assets/img/certificates/certificate_02.png?1602805221 HTTP/1.1" 206 1 "http://richwoodvc.com/" "Mozilla/5.0 (Windows NT 10.0; Win64; x64) AppleWebKit/537.36 (KHTML, like Gecko) Chrome/86.0.4240.75 Safari/537.36"
124.13.9.215 - - [16/Oct/2020:02:22:02 +0000] "GET /assets/img/certificates/certificate_04.png?1602805221 HTTP/1.1" 206 1 "http://richwoodvc.com/" "Mozilla/5.0 (Windows NT 10.0; Win64; x64) AppleWebKit/537.36 (KHTML, like Gecko) Chrome/86.0.4240.75 Safari/537.36"
124.13.9.215 - - [16/Oct/2020:02:22:04 +0000] "GET /assets/img/certificates/certificate_07.png?1602805221 HTTP/1.1" 206 304002 "http://richwoodvc.com/" "Mozilla/5.0 (Windows NT 10.0; Win64; x64) AppleWebKit/537.36 (KHTML, like Gecko) Chrome/86.0.4240.75 Safari/537.36"
124.13.9.215 - - [16/Oct/2020:02:22:22 +0000] "GET /assets/img/certificates/certificate_04.png?1602805221 HTTP/1.1" 206 1454297 "http://richwoodvc.com/" "Mozilla/5.0 (Windows NT 10.0; Win64; x64) AppleWebKit/537.36 (KHTML, like Gecko) Chrome/86.0.4240.75 Safari/537.36"
124.13.9.215 - - [16/Oct/2020:02:22:22 +0000] "GET /assets/img/certificates/certificate_09.png?1602805221 HTTP/1.1" 206 1282191 "http://richwoodvc.com/" "Mozilla/5.0 (Windows NT 10.0; Win64; x64) AppleWebKit/537.36 (KHTML, like Gecko) Chrome/86.0.4240.75 Safari/537.36"
124.13.9.215 - - [16/Oct/2020:02:22:29 +0000] "GET /assets/img/certificates/certificate_02.png?1602805221 HTTP/1.1" 206 1522096 "http://richwoodvc.com/" "Mozilla/5.0 (Windows NT 10.0; Win64; x64) AppleWebKit/537.36 (KHTML, like Gecko) Chrome/86.0.4240.75 Safari/537.36"
124.13.9.215 - - [16/Oct/2020:02:22:35 +0000] "GET /assets/img/certificates/certificate_12.png?1602805221 HTTP/1.1" 200 1731211 "http://richwoodvc.com/" "Mozilla/5.0 (Windows NT 10.0; Win64; x64) AppleWebKit/537.36 (KHTML, like Gecko) Chrome/86.0.4240.75 Safari/537.36"
124.13.9.215 - - [16/Oct/2020:02:22:38 +0000] "GET /assets/img/certificates/certificate_11.png?1602805221 HTTP/1.1" 200 1741609 "http://richwoodvc.com/" "Mozilla/5.0 (Windows NT 10.0; Win64; x64) AppleWebKit/537.36 (KHTML, like Gecko) Chrome/86.0.4240.75 Safari/537.36"
124.13.9.215 - - [16/Oct/2020:02:22:49 +0000] "GET /assets/img/certificates/certificate_01.png?1602805221 HTTP/1.1" 200 1775292 "http://richwoodvc.com/" "Mozilla/5.0 (Windows NT 10.0; Win64; x64) AppleWebKit/537.36 (KHTML, like Gecko) Chrome/86.0.4240.75 Safari/537.36"
124.13.9.215 - - [16/Oct/2020:02:22:51 +0000] "GET /assets/img/certificates/certificate_10.png?1602805221 HTTP/1.1" 206 1316964 "http://richwoodvc.com/" "Mozilla/5.0 (Windows NT 10.0; Win64; x64) AppleWebKit/537.36 (KHTML, like Gecko) Chrome/86.0.4240.75 Safari/537.36"
124.13.9.215 - - [16/Oct/2020:02:22:51 +0000] "GET /assets/img/certificates/certificate_06.png?1602805221 HTTP/1.1" 200 1354716 "http://richwoodvc.com/" "Mozilla/5.0 (Windows NT 10.0; Win64; x64) AppleWebKit/537.36 (KHTML, like Gecko) Chrome/86.0.4240.75 Safari/537.36"
114.119.152.97 - - [16/Oct/2020:02:24:54 +0000] "GET /ec/upload/event/5/5_33.JPG?5f876e6e37e22228902052 HTTP/1.1" 200 3745786 "-" "Mozilla/5.0 (Linux; Android 7.0;) AppleWebKit/537.36 (KHTML, like Gecko) Mobile Safari/537.36 (compatible; PetalBot;+https://aspiegel.com/petalbot)"
66.249.79.231 - - [16/Oct/2020:02:30:04 +0000] "GET /ec/upload/event/19.jpeg?5f880be31df9c625656267 HTTP/1.1" 200 52376 "-" "Googlebot-Image/1.0"
114.119.139.224 - - [16/Oct/2020:02:30:14 +0000] "GET /ec/upload/event/8/8_90.JPG?5f85612be75052100739842 HTTP/1.1" 200 1500252 "-" "Mozilla/5.0 (Linux; Android 7.0;) AppleWebKit/537.36 (KHTML, like Gecko) Mobile Safari/537.36 (compatible; PetalBot;+https://aspiegel.com/petalbot)"
114.119.135.201 - - [16/Oct/2020:02:35:38 +0000] "GET /ec/upload/event/7/7_57.JPG?5f80a46de0c3e527849941 HTTP/1.1" 200 1188401 "-" "Mozilla/5.0 (Linux; Android 7.0;) AppleWebKit/537.36 (KHTML, like Gecko) Mobile Safari/537.36 (compatible; PetalBot;+https://aspiegel.com/petalbot)"
114.119.139.224 - - [16/Oct/2020:02:40:56 +0000] "GET /ec/upload/event/17/17_215.jpeg?5f7f36075c639273847480 HTTP/1.1" 200 121877 "-" "Mozilla/5.0 (Linux; Android 7.0;) AppleWebKit/537.36 (KHTML, like Gecko) Mobile Safari/537.36 (compatible; PetalBot;+http://aspiegel.com/petalbot)"
66.249.79.189 - - [16/Oct/2020:02:43:39 +0000] "GET /assets/img/certificates/certificate_02.png?1596344084 HTTP/1.1" 200 1739896 "-" "Googlebot-Image/1.0"
114.119.141.18 - - [16/Oct/2020:02:46:21 +0000] "GET /assets/img/team_new/latest/cherise_wong.png?1602619092 HTTP/1.1" 200 192720 "-" "Mozilla/5.0 (Linux; Android 7.0;) AppleWebKit/537.36 (KHTML, like Gecko) Mobile Safari/537.36 (compatible; PetalBot;+https://aspiegel.com/petalbot)"
114.119.129.74 - - [16/Oct/2020:02:51:38 +0000] "GET /assets/img/books/gbusiness90/gbusiness90_01.jpg?1602474856 HTTP/1.1" 200 865085 "-" "Mozilla/5.0 (Linux; Android 7.0;) AppleWebKit/537.36 (KHTML, like Gecko) Mobile Safari/537.36 (compatible; PetalBot;+https://aspiegel.com/petalbot)"
114.119.131.245 - - [16/Oct/2020:02:56:55 +0000] "GET /ec/upload/event/7/7_69.JPG?5f8719968d3e796804476 HTTP/1.1" 200 1173382 "-" "Mozilla/5.0 (Linux; Android 7.0;) AppleWebKit/537.36 (KHTML, like Gecko) Mobile Safari/537.36 (compatible; PetalBot;+https://aspiegel.com/petalbot)"
66.249.79.231 - - [16/Oct/2020:02:58:53 +0000] "GET /ec/upload/event/6.JPG?5f880be31e1501251078439 HTTP/1.1" 200 1240074 "-" "Googlebot-Image/1.0"
114.119.139.224 - - [16/Oct/2020:03:02:16 +0000] "GET /assets/img/subsidiaries/qmis.png?1585923792 HTTP/1.1" 200 9689 "-" "Mozilla/5.0 (Linux; Android 7.0;) AppleWebKit/537.36 (KHTML, like Gecko) Mobile Safari/537.36 (compatible; PetalBot;+https://aspiegel.com/petalbot)"
114.119.146.241 - - [16/Oct/2020:03:07:36 +0000] "GET /assets/img/subsidiaries/qmis_white.png?1585917036 HTTP/1.1" 200 9187 "-" "Mozilla/5.0 (Linux; Android 7.0;) AppleWebKit/537.36 (KHTML, like Gecko) Mobile Safari/537.36 (compatible; PetalBot;+https://aspiegel.com/petalbot)"
114.119.139.224 - - [16/Oct/2020:03:13:43 +0000] "GET /assets/img/subsidiaries/qmistbs.png?1591721545 HTTP/1.1" 200 21864 "-" "Mozilla/5.0 (Linux; Android 7.0;) AppleWebKit/537.36 (KHTML, like Gecko) Mobile Safari/537.36 (compatible; PetalBot;+https://aspiegel.com/petalbot)"
66.249.79.229 - - [16/Oct/2020:03:14:41 +0000] "GET /assets/img/logo.png?1602590676 HTTP/1.1" 200 11637 "-" "Googlebot-Image/1.0"
114.119.152.97 - - [16/Oct/2020:03:18:16 +0000] "GET /assets/img/subsidiaries/qmis_white.png?1586016820 HTTP/1.1" 200 9187 "-" "Mozilla/5.0 (Linux; Android 7.0;) AppleWebKit/537.36 (KHTML, like Gecko) Mobile Safari/537.36 (compatible; PetalBot;+https://aspiegel.com/petalbot)"
114.119.139.224 - - [16/Oct/2020:03:23:33 +0000] "GET /assets/img/subsidiaries/qmis_white.png?1586037025 HTTP/1.1" 200 9187 "-" "Mozilla/5.0 (Linux; Android 7.0;) AppleWebKit/537.36 (KHTML, like Gecko) Mobile Safari/537.36 (compatible; PetalBot;+https://aspiegel.com/petalbot)"
66.249.79.233 - - [16/Oct/2020:03:24:38 +0000] "GET /ec/upload/event/17.jpeg?5f880be31dcb0202596422 HTTP/1.1" 200 70311 "-" "Googlebot-Image/1.0"
114.119.131.245 - - [16/Oct/2020:03:28:53 +0000] "GET /assets/img/subsidiaries/qmis_white.png?1590565212 HTTP/1.1" 200 9187 "-" "Mozilla/5.0 (Linux; Android 7.0;) AppleWebKit/537.36 (KHTML, like Gecko) Mobile Safari/537.36 (compatible; PetalBot;+https://aspiegel.com/petalbot)"
114.119.139.224 - - [16/Oct/2020:03:34:11 +0000] "GET /ec/upload/event/11.JPG?5f78d46c4f8fb1583984334 HTTP/1.1" 200 1040448 "-" "Mozilla/5.0 (Linux; Android 7.0;) AppleWebKit/537.36 (KHTML, like Gecko) Mobile Safari/537.36 (compatible; PetalBot;+https://aspiegel.com/petalbot)"
114.119.151.206 - - [16/Oct/2020:03:39:31 +0000] "GET /assets/img/certificates/certificate_10.png?1591408049 HTTP/1.1" 200 2970060 "-" "Mozilla/5.0 (Linux; Android 7.0;) AppleWebKit/537.36 (KHTML, like Gecko) Mobile Safari/537.36 (compatible; PetalBot;+https://aspiegel.com/petalbot)"
114.119.146.241 - - [16/Oct/2020:03:44:50 +0000] "GET /assets/img/certificates/certificate_13.png?1602662325 HTTP/1.1" 200 1760523 "-" "Mozilla/5.0 (Linux; Android 7.0;) AppleWebKit/537.36 (KHTML, like Gecko) Mobile Safari/537.36 (compatible; PetalBot;+https://aspiegel.com/petalbot)"
114.119.131.245 - - [16/Oct/2020:03:50:10 +0000] "GET /ec/upload/event/7/7_73.JPG?5f873604c0cec1673424926 HTTP/1.1" 200 906791 "-" "Mozilla/5.0 (Linux; Android 7.0;) AppleWebKit/537.36 (KHTML, like Gecko) Mobile Safari/537.36 (compatible; PetalBot;+https://aspiegel.com/petalbot)"
66.249.79.229 - - [16/Oct/2020:03:50:42 +0000] "GET /ec/upload/event/18.jpeg?5f8785998d5d31731773304 HTTP/1.1" 200 36151 "-" "Googlebot-Image/1.0"
114.119.141.18 - - [16/Oct/2020:03:55:28 +0000] "GET /assets/img/subsidiaries/qmis_white.png?1586351064 HTTP/1.1" 200 9187 "-" "Mozilla/5.0 (Linux; Android 7.0;) AppleWebKit/537.36 (KHTML, like Gecko) Mobile Safari/537.36 (compatible; PetalBot;+https://aspiegel.com/petalbot)"
66.249.79.189 - - [16/Oct/2020:04:00:11 +0000] "GET /assets/img/certificates/certificate_06.png?1596344084 HTTP/1.1" 200 1727975 "-" "Googlebot-Image/1.0"
114.119.131.245 - - [16/Oct/2020:04:00:47 +0000] "GET /ec/upload/event/5/5_34.JPG?5f83a5c966e911195004374 HTTP/1.1" 200 1818312 "-" "Mozilla/5.0 (Linux; Android 7.0;) AppleWebKit/537.36 (KHTML, like Gecko) Mobile Safari/537.36 (compatible; PetalBot;+https://aspiegel.com/petalbot)"
66.249.79.231 - - [16/Oct/2020:04:04:38 +0000] "GET /assets/img/logo.png?1602591286 HTTP/1.1" 200 11637 "-" "Googlebot-Image/1.0"
114.119.152.97 - - [16/Oct/2020:04:06:04 +0000] "GET /assets/img/subsidiaries/mpt.png?1592261532 HTTP/1.1" 200 14752 "-" "Mozilla/5.0 (Linux; Android 7.0;) AppleWebKit/537.36 (KHTML, like Gecko) Mobile Safari/537.36 (compatible; PetalBot;+https://aspiegel.com/petalbot)"
114.119.139.224 - - [16/Oct/2020:04:11:23 +0000] "GET /assets/img/subsidiaries/mpt.png?1585903987 HTTP/1.1" 200 14752 "-" "Mozilla/5.0 (Linux; Android 7.0;) AppleWebKit/537.36 (KHTML, like Gecko) Mobile Safari/537.36 (compatible; PetalBot;+https://aspiegel.com/petalbot)"
66.249.79.233 - - [16/Oct/2020:04:14:38 +0000] "GET /ec/upload/event/17.jpeg?5f8896443b81c1364153146 HTTP/1.1" 200 70311 "-" "Googlebot-Image/1.0"
114.119.133.91 - - [16/Oct/2020:04:16:42 +0000] "GET /ec/upload/event/6/6_116.JPG?5f82f4330b290499797465 HTTP/1.1" 200 1127536 "-" "Mozilla/5.0 (Linux; Android 7.0;) AppleWebKit/537.36 (KHTML, like Gecko) Mobile Safari/537.36 (compatible; PetalBot;+https://aspiegel.com/petalbot)"
27.125.241.111 - - [16/Oct/2020:04:20:46 +0000] "GET /assets/img/richwood_projects.png HTTP/1.1" 200 537045 "http://www.finazcap.com/" "Mozilla/5.0 (Linux; Android 8.0.0; SM-A520F) AppleWebKit/537.36 (KHTML, like Gecko) Chrome/70.0.3538.110 Mobile Safari/537.36"
27.125.241.111 - - [16/Oct/2020:04:20:46 +0000] "GET /assets/img/certificates/certificate_07.png HTTP/1.1" 200 1880874 "http://www.finazcap.com/" "Mozilla/5.0 (Linux; Android 8.0.0; SM-A520F) AppleWebKit/537.36 (KHTML, like Gecko) Chrome/70.0.3538.110 Mobile Safari/537.36"
27.125.241.111 - - [16/Oct/2020:04:20:46 +0000] "GET /assets/img/richwood_assets.png HTTP/1.1" 200 569734 "http://www.finazcap.com/" "Mozilla/5.0 (Linux; Android 8.0.0; SM-A520F) AppleWebKit/537.36 (KHTML, like Gecko) Chrome/70.0.3538.110 Mobile Safari/537.36"
27.125.241.111 - - [16/Oct/2020:04:20:46 +0000] "GET /assets/img/mou/ibn.jpg HTTP/1.1" 200 613024 "http://www.finazcap.com/" "Mozilla/5.0 (Linux; Android 8.0.0; SM-A520F) AppleWebKit/537.36 (KHTML, like Gecko) Chrome/70.0.3538.110 Mobile Safari/537.36"
27.125.241.111 - - [16/Oct/2020:04:20:47 +0000] "GET /assets/img/mou/cambodia.jpg HTTP/1.1" 200 1003016 "http://www.finazcap.com/" "Mozilla/5.0 (Linux; Android 8.0.0; SM-A520F) AppleWebKit/537.36 (KHTML, like Gecko) Chrome/70.0.3538.110 Mobile Safari/537.36"
27.125.241.111 - - [16/Oct/2020:04:20:49 +0000] "GET /assets/img/certificates/certificate_01.png HTTP/1.1" 200 1775292 "http://www.finazcap.com/" "Mozilla/5.0 (Linux; Android 8.0.0; SM-A520F) AppleWebKit/537.36 (KHTML, like Gecko) Chrome/70.0.3538.110 Mobile Safari/537.36"
27.125.241.111 - - [16/Oct/2020:04:20:49 +0000] "GET /assets/img/certificates/certificate_08.png HTTP/1.1" 200 2403691 "http://www.finazcap.com/" "Mozilla/5.0 (Linux; Android 8.0.0; SM-A520F) AppleWebKit/537.36 (KHTML, like Gecko) Chrome/70.0.3538.110 Mobile Safari/537.36"
27.125.241.111 - - [16/Oct/2020:04:20:49 +0000] "GET /assets/img/certificates/certificate_09.png HTTP/1.1" 200 2170815 "http://www.finazcap.com/" "Mozilla/5.0 (Linux; Android 8.0.0; SM-A520F) AppleWebKit/537.36 (KHTML, like Gecko) Chrome/70.0.3538.110 Mobile Safari/537.36"
27.125.241.111 - - [16/Oct/2020:04:20:50 +0000] "GET /assets/img/certificates/certificate_06.png HTTP/1.1" 200 1727975 "http://www.finazcap.com/" "Mozilla/5.0 (Linux; Android 8.0.0; SM-A520F) AppleWebKit/537.36 (KHTML, like Gecko) Chrome/70.0.3538.110 Mobile Safari/537.36"
27.125.241.111 - - [16/Oct/2020:04:20:51 +0000] "GET /assets/img/certificates/certificate_02.png HTTP/1.1" 200 1739896 "http://www.finazcap.com/" "Mozilla/5.0 (Linux; Android 8.0.0; SM-A520F) AppleWebKit/537.36 (KHTML, like Gecko) Chrome/70.0.3538.110 Mobile Safari/537.36"
27.125.241.111 - - [16/Oct/2020:04:20:51 +0000] "GET /assets/img/certificates/certificate_10.png HTTP/1.1" 200 2970060 "http://www.finazcap.com/" "Mozilla/5.0 (Linux; Android 8.0.0; SM-A520F) AppleWebKit/537.36 (KHTML, like Gecko) Chrome/70.0.3538.110 Mobile Safari/537.36"
27.125.241.111 - - [16/Oct/2020:04:20:51 +0000] "GET /assets/img/certificates/certificate_13.png HTTP/1.1" 200 1760523 "http://www.finazcap.com/" "Mozilla/5.0 (Linux; Android 8.0.0; SM-A520F) AppleWebKit/537.36 (KHTML, like Gecko) Chrome/70.0.3538.110 Mobile Safari/537.36"
27.125.241.111 - - [16/Oct/2020:04:20:52 +0000] "GET /assets/img/certificates/certificate_12.png HTTP/1.1" 200 1731211 "http://www.finazcap.com/" "Mozilla/5.0 (Linux; Android 8.0.0; SM-A520F) AppleWebKit/537.36 (KHTML, like Gecko) Chrome/70.0.3538.110 Mobile Safari/537.36"
27.125.241.111 - - [16/Oct/2020:04:20:52 +0000] "GET /assets/img/certificates/certificate_11.png HTTP/1.1" 200 1741609 "http://www.finazcap.com/" "Mozilla/5.0 (Linux; Android 8.0.0; SM-A520F) AppleWebKit/537.36 (KHTML, like Gecko) Chrome/70.0.3538.110 Mobile Safari/537.36"
27.125.241.111 - - [16/Oct/2020:04:20:53 +0000] "GET /assets/img/certificates/certificate_14.png HTTP/1.1" 200 2288187 "http://www.finazcap.com/" "Mozilla/5.0 (Linux; Android 8.0.0; SM-A520F) AppleWebKit/537.36 (KHTML, like Gecko) Chrome/70.0.3538.110 Mobile Safari/537.36"
27.125.241.111 - - [16/Oct/2020:04:20:53 +0000] "GET /assets/img/certificates/certificate_17.png HTTP/1.1" 200 1627472 "http://www.finazcap.com/" "Mozilla/5.0 (Linux; Android 8.0.0; SM-A520F) AppleWebKit/537.36 (KHTML, like Gecko) Chrome/70.0.3538.110 Mobile Safari/537.36"
114.119.129.74 - - [16/Oct/2020:04:21:59 +0000] "GET /assets/img/subsidiaries/qmistbs.png?1589877925 HTTP/1.1" 200 21864 "-" "Mozilla/5.0 (Linux; Android 7.0;) AppleWebKit/537.36 (KHTML, like Gecko) Mobile Safari/537.36 (compatible; PetalBot;+https://aspiegel.com/petalbot)"
183.171.184.166 - - [16/Oct/2020:04:23:41 +0000] "GET /assets/css/wp-block-library-css.css?1602821133 HTTP/1.1" 200 4297 "http://richwoodvc.com/" "Mozilla/5.0 (iPhone; CPU iPhone OS 13_7 like Mac OS X) AppleWebKit/605.1.15 (KHTML, like Gecko) Version/13.1.2 Mobile/15E148 Safari/604.1"
183.171.184.166 - - [16/Oct/2020:04:23:42 +0000] "GET /assets/css/goarch_main_style-css.css?1602821133 HTTP/1.1" 200 65153 "http://richwoodvc.com/" "Mozilla/5.0 (iPhone; CPU iPhone OS 13_7 like Mac OS X) AppleWebKit/605.1.15 (KHTML, like Gecko) Version/13.1.2 Mobile/15E148 Safari/604.1"
183.171.184.166 - - [16/Oct/2020:04:23:42 +0000] "GET /assets/js/jquery.js?1602821133 HTTP/1.1" 200 33805 "http://richwoodvc.com/" "Mozilla/5.0 (iPhone; CPU iPhone OS 13_7 like Mac OS X) AppleWebKit/605.1.15 (KHTML, like Gecko) Version/13.1.2 Mobile/15E148 Safari/604.1"
183.171.184.190 - - [16/Oct/2020:04:23:42 +0000] "GET /assets/css/rs-plugin-settings-css.css?1602821133 HTTP/1.1" 200 7563 "http://richwoodvc.com/" "Mozilla/5.0 (iPhone; CPU iPhone OS 13_7 like Mac OS X) AppleWebKit/605.1.15 (KHTML, like Gecko) Version/13.1.2 Mobile/15E148 Safari/604.1"
183.171.184.169 - - [16/Oct/2020:04:23:42 +0000] "GET /assets/css/goarch_style_wp-css.css?1602821133 HTTP/1.1" 200 946 "http://richwoodvc.com/" "Mozilla/5.0 (iPhone; CPU iPhone OS 13_7 like Mac OS X) AppleWebKit/605.1.15 (KHTML, like Gecko) Version/13.1.2 Mobile/15E148 Safari/604.1"
183.171.184.167 - - [16/Oct/2020:04:23:42 +0000] "GET /assets/css/js_composer_front-css.css?1602821133 HTTP/1.1" 200 44990 "http://richwoodvc.com/" "Mozilla/5.0 (iPhone; CPU iPhone OS 13_7 like Mac OS X) AppleWebKit/605.1.15 (KHTML, like Gecko) Version/13.1.2 Mobile/15E148 Safari/604.1"
183.171.184.190 - - [16/Oct/2020:04:23:42 +0000] "GET /assets/js/jquery.themepunch.revolution.min.js?1602821133 HTTP/1.1" 200 16611 "http://richwoodvc.com/" "Mozilla/5.0 (iPhone; CPU iPhone OS 13_7 like Mac OS X) AppleWebKit/605.1.15 (KHTML, like Gecko) Version/13.1.2 Mobile/15E148 Safari/604.1"
183.171.184.166 - - [16/Oct/2020:04:23:42 +0000] "GET /assets/js/jquery-migrate.min.js?1602821133 HTTP/1.1" 200 4029 "http://richwoodvc.com/" "Mozilla/5.0 (iPhone; CPU iPhone OS 13_7 like Mac OS X) AppleWebKit/605.1.15 (KHTML, like Gecko) Version/13.1.2 Mobile/15E148 Safari/604.1"
183.171.184.169 - - [16/Oct/2020:04:23:42 +0000] "GET /assets/js/jquery.themepunch.tools.min.js?1602821133 HTTP/1.1" 200 37361 "http://richwoodvc.com/" "Mozilla/5.0 (iPhone; CPU iPhone OS 13_7 like Mac OS X) AppleWebKit/605.1.15 (KHTML, like Gecko) Version/13.1.2 Mobile/15E148 Safari/604.1"
183.171.184.166 - - [16/Oct/2020:04:23:42 +0000] "GET /assets/js/email-decode.min.js?1602821133 HTTP/1.1" 200 665 "http://richwoodvc.com/" "Mozilla/5.0 (iPhone; CPU iPhone OS 13_7 like Mac OS X) AppleWebKit/605.1.15 (KHTML, like Gecko) Version/13.1.2 Mobile/15E148 Safari/604.1"
183.171.184.190 - - [16/Oct/2020:04:23:42 +0000] "GET /assets/js/bootstrap.min.js?1602821133 HTTP/1.1" 200 9946 "http://richwoodvc.com/" "Mozilla/5.0 (iPhone; CPU iPhone OS 13_7 like Mac OS X) AppleWebKit/605.1.15 (KHTML, like Gecko) Version/13.1.2 Mobile/15E148 Safari/604.1"
183.171.184.167 - - [16/Oct/2020:04:23:42 +0000] "GET /assets/js/jquery.validate.min.js?1602821133 HTTP/1.1" 200 6383 "http://richwoodvc.com/" "Mozilla/5.0 (iPhone; CPU iPhone OS 13_7 like Mac OS X) AppleWebKit/605.1.15 (KHTML, like Gecko) Version/13.1.2 Mobile/15E148 Safari/604.1"
183.171.184.166 - - [16/Oct/2020:04:23:42 +0000] "GET /assets/js/wow.min.js?1602821133 HTTP/1.1" 200 2767 "http://richwoodvc.com/" "Mozilla/5.0 (iPhone; CPU iPhone OS 13_7 like Mac OS X) AppleWebKit/605.1.15 (KHTML, like Gecko) Version/13.1.2 Mobile/15E148 Safari/604.1"
183.171.184.190 - - [16/Oct/2020:04:23:42 +0000] "GET /assets/js/jquery.stellar.min.js?1602821133 HTTP/1.1" 200 3422 "http://richwoodvc.com/" "Mozilla/5.0 (iPhone; CPU iPhone OS 13_7 like Mac OS X) AppleWebKit/605.1.15 (KHTML, like Gecko) Version/13.1.2 Mobile/15E148 Safari/604.1"
183.171.184.169 - - [16/Oct/2020:04:23:42 +0000] "GET /assets/js/jquery.magnific-popup.js?1602821133 HTTP/1.1" 200 8732 "http://richwoodvc.com/" "Mozilla/5.0 (iPhone; CPU iPhone OS 13_7 like Mac OS X) AppleWebKit/605.1.15 (KHTML, like Gecko) Version/13.1.2 Mobile/15E148 Safari/604.1"
183.171.184.167 - - [16/Oct/2020:04:23:42 +0000] "GET /assets/js/owl.carousel.min.js?1602821133 HTTP/1.1" 200 6542 "http://richwoodvc.com/" "Mozilla/5.0 (iPhone; CPU iPhone OS 13_7 like Mac OS X) AppleWebKit/605.1.15 (KHTML, like Gecko) Version/13.1.2 Mobile/15E148 Safari/604.1"
183.171.184.190 - - [16/Oct/2020:04:23:42 +0000] "GET /assets/js/interface.js?1602821133 HTTP/1.1" 200 1430 "http://richwoodvc.com/" "Mozilla/5.0 (iPhone; CPU iPhone OS 13_7 like Mac OS X) AppleWebKit/605.1.15 (KHTML, like Gecko) Version/13.1.2 Mobile/15E148 Safari/604.1"
183.171.184.166 - - [16/Oct/2020:04:23:42 +0000] "GET /assets/js/gmap.js?1602821133 HTTP/1.1" 200 196 "http://richwoodvc.com/" "Mozilla/5.0 (iPhone; CPU iPhone OS 13_7 like Mac OS X) AppleWebKit/605.1.15 (KHTML, like Gecko) Version/13.1.2 Mobile/15E148 Safari/604.1"
183.171.184.169 - - [16/Oct/2020:04:23:42 +0000] "GET /assets/js/comment-reply.min.js?1602821133 HTTP/1.1" 200 1105 "http://richwoodvc.com/" "Mozilla/5.0 (iPhone; CPU iPhone OS 13_7 like Mac OS X) AppleWebKit/605.1.15 (KHTML, like Gecko) Version/13.1.2 Mobile/15E148 Safari/604.1"
183.171.184.167 - - [16/Oct/2020:04:23:42 +0000] "GET /assets/js/wp-embed.min.js?1602821133 HTTP/1.1" 200 765 "http://richwoodvc.com/" "Mozilla/5.0 (iPhone; CPU iPhone OS 13_7 like Mac OS X) AppleWebKit/605.1.15 (KHTML, like Gecko) Version/13.1.2 Mobile/15E148 Safari/604.1"
183.171.184.190 - - [16/Oct/2020:04:23:42 +0000] "GET /assets/img/logo.png?1602821133 HTTP/1.1" 200 11637 "http://richwoodvc.com/" "Mozilla/5.0 (iPhone; CPU iPhone OS 13_7 like Mac OS X) AppleWebKit/605.1.15 (KHTML, like Gecko) Version/13.1.2 Mobile/15E148 Safari/604.1"
183.171.184.166 - - [16/Oct/2020:04:23:42 +0000] "GET /assets/js/js_composer_front.min.js?1602821133 HTTP/1.1" 200 5666 "http://richwoodvc.com/" "Mozilla/5.0 (iPhone; CPU iPhone OS 13_7 like Mac OS X) AppleWebKit/605.1.15 (KHTML, like Gecko) Version/13.1.2 Mobile/15E148 Safari/604.1"
183.171.184.169 - - [16/Oct/2020:04:23:43 +0000] "GET /assets/img/slideshow/01.jpg HTTP/1.1" 200 216559 "http://richwoodvc.com/" "Mozilla/5.0 (iPhone; CPU iPhone OS 13_7 like Mac OS X) AppleWebKit/605.1.15 (KHTML, like Gecko) Version/13.1.2 Mobile/15E148 Safari/604.1"
183.171.184.167 - - [16/Oct/2020:04:23:43 +0000] "GET /assets/img/slideshow/02.jpg HTTP/1.1" 200 384958 "http://richwoodvc.com/" "Mozilla/5.0 (iPhone; CPU iPhone OS 13_7 like Mac OS X) AppleWebKit/605.1.15 (KHTML, like Gecko) Version/13.1.2 Mobile/15E148 Safari/604.1"
183.171.184.169 - - [16/Oct/2020:04:23:44 +0000] "GET /assets/img/slideshow/03.jpg HTTP/1.1" 200 288063 "http://richwoodvc.com/" "Mozilla/5.0 (iPhone; CPU iPhone OS 13_7 like Mac OS X) AppleWebKit/605.1.15 (KHTML, like Gecko) Version/13.1.2 Mobile/15E148 Safari/604.1"
183.171.184.169 - - [16/Oct/2020:04:23:45 +0000] "GET /assets/img/richwood_assets.png?1602821133 HTTP/1.1" 200 569734 "http://richwoodvc.com/" "Mozilla/5.0 (iPhone; CPU iPhone OS 13_7 like Mac OS X) AppleWebKit/605.1.15 (KHTML, like Gecko) Version/13.1.2 Mobile/15E148 Safari/604.1"
183.171.184.166 - - [16/Oct/2020:04:23:45 +0000] "GET /assets/img/mou/ibn.jpg?1602821133 HTTP/1.1" 200 613024 "http://richwoodvc.com/" "Mozilla/5.0 (iPhone; CPU iPhone OS 13_7 like Mac OS X) AppleWebKit/605.1.15 (KHTML, like Gecko) Version/13.1.2 Mobile/15E148 Safari/604.1"
183.171.184.167 - - [16/Oct/2020:04:23:46 +0000] "GET /assets/img/richwood_projects.png?1602821133 HTTP/1.1" 200 537045 "http://richwoodvc.com/" "Mozilla/5.0 (iPhone; CPU iPhone OS 13_7 like Mac OS X) AppleWebKit/605.1.15 (KHTML, like Gecko) Version/13.1.2 Mobile/15E148 Safari/604.1"
183.171.184.190 - - [16/Oct/2020:04:23:47 +0000] "GET /assets/img/mou/cambodia.jpg?1602821133 HTTP/1.1" 200 1003016 "http://richwoodvc.com/" "Mozilla/5.0 (iPhone; CPU iPhone OS 13_7 like Mac OS X) AppleWebKit/605.1.15 (KHTML, like Gecko) Version/13.1.2 Mobile/15E148 Safari/604.1"
183.171.184.169 - - [16/Oct/2020:04:23:49 +0000] "GET /assets/img/certificates/certificate_07.png?1602821133 HTTP/1.1" 200 1880874 "http://richwoodvc.com/" "Mozilla/5.0 (iPhone; CPU iPhone OS 13_7 like Mac OS X) AppleWebKit/605.1.15 (KHTML, like Gecko) Version/13.1.2 Mobile/15E148 Safari/604.1"
183.171.184.167 - - [16/Oct/2020:04:23:52 +0000] "GET /assets/img/certificates/certificate_09.png?1602821133 HTTP/1.1" 200 2170815 "http://richwoodvc.com/" "Mozilla/5.0 (iPhone; CPU iPhone OS 13_7 like Mac OS X) AppleWebKit/605.1.15 (KHTML, like Gecko) Version/13.1.2 Mobile/15E148 Safari/604.1"
183.171.184.166 - - [16/Oct/2020:04:23:53 +0000] "GET /assets/img/certificates/certificate_08.png?1602821133 HTTP/1.1" 200 2403691 "http://richwoodvc.com/" "Mozilla/5.0 (iPhone; CPU iPhone OS 13_7 like Mac OS X) AppleWebKit/605.1.15 (KHTML, like Gecko) Version/13.1.2 Mobile/15E148 Safari/604.1"
183.171.184.190 - - [16/Oct/2020:04:23:53 +0000] "GET /assets/img/certificates/certificate_10.png?1602821133 HTTP/1.1" 200 2638870 "http://richwoodvc.com/" "Mozilla/5.0 (iPhone; CPU iPhone OS 13_7 like Mac OS X) AppleWebKit/605.1.15 (KHTML, like Gecko) Version/13.1.2 Mobile/15E148 Safari/604.1"
183.171.184.169 - - [16/Oct/2020:04:23:53 +0000] "GET /assets/img/certificates/certificate_01.png?1602821133 HTTP/1.1" 200 1525446 "http://richwoodvc.com/" "Mozilla/5.0 (iPhone; CPU iPhone OS 13_7 like Mac OS X) AppleWebKit/605.1.15 (KHTML, like Gecko) Version/13.1.2 Mobile/15E148 Safari/604.1"
114.119.151.206 - - [16/Oct/2020:04:27:17 +0000] "GET /assets/img/media/2018_11_09_03/cover.jpg?1585988925 HTTP/1.1" 200 110689 "-" "Mozilla/5.0 (Linux; Android 7.0;) AppleWebKit/537.36 (KHTML, like Gecko) Mobile Safari/537.36 (compatible; PetalBot;+https://aspiegel.com/petalbot)"
114.119.152.97 - - [16/Oct/2020:04:32:35 +0000] "GET /assets/img/subsidiaries/mpt.png?1586048637 HTTP/1.1" 200 14752 "-" "Mozilla/5.0 (Linux; Android 7.0;) AppleWebKit/537.36 (KHTML, like Gecko) Mobile Safari/537.36 (compatible; PetalBot;+https://aspiegel.com/petalbot)"
27.125.248.19 - - [16/Oct/2020:04:35:15 +0000] "GET /assets/css/wp-block-library-css.css?1602821133 HTTP/1.1" 200 4297 "http://richwoodvc.com/" "Mozilla/5.0 (Linux; Android 10; Redmi 8A) AppleWebKit/537.36 (KHTML, like Gecko) Chrome/81.0.4044.138 Mobile Safari/537.36"
27.125.248.19 - - [16/Oct/2020:04:35:15 +0000] "GET /assets/css/rs-plugin-settings-css.css?1602821133 HTTP/1.1" 200 7563 "http://richwoodvc.com/" "Mozilla/5.0 (Linux; Android 10; Redmi 8A) AppleWebKit/537.36 (KHTML, like Gecko) Chrome/81.0.4044.138 Mobile Safari/537.36"
27.125.248.19 - - [16/Oct/2020:04:35:15 +0000] "GET /assets/css/js_composer_front-css.css?1602821133 HTTP/1.1" 200 44990 "http://richwoodvc.com/" "Mozilla/5.0 (Linux; Android 10; Redmi 8A) AppleWebKit/537.36 (KHTML, like Gecko) Chrome/81.0.4044.138 Mobile Safari/537.36"
27.125.248.19 - - [16/Oct/2020:04:35:15 +0000] "GET /assets/css/goarch_style_wp-css.css?1602821133 HTTP/1.1" 200 946 "http://richwoodvc.com/" "Mozilla/5.0 (Linux; Android 10; Redmi 8A) AppleWebKit/537.36 (KHTML, like Gecko) Chrome/81.0.4044.138 Mobile Safari/537.36"
27.125.248.19 - - [16/Oct/2020:04:35:15 +0000] "GET /assets/js/jquery.js?1602821133 HTTP/1.1" 200 33805 "http://richwoodvc.com/" "Mozilla/5.0 (Linux; Android 10; Redmi 8A) AppleWebKit/537.36 (KHTML, like Gecko) Chrome/81.0.4044.138 Mobile Safari/537.36"
27.125.248.19 - - [16/Oct/2020:04:35:15 +0000] "GET /assets/js/jquery-migrate.min.js?1602821133 HTTP/1.1" 200 4029 "http://richwoodvc.com/" "Mozilla/5.0 (Linux; Android 10; Redmi 8A) AppleWebKit/537.36 (KHTML, like Gecko) Chrome/81.0.4044.138 Mobile Safari/537.36"
