114.119.131.245 - - [15/Oct/2020:14:30:21 +0000] "GET /assets/img/subsidiaries/qmis.png?1586086955 HTTP/1.1" 200 9689 "-" "Mozilla/5.0 (Linux; Android 7.0;) AppleWebKit/537.36 (KHTML, like Gecko) Mobile Safari/537.36 (compatible; PetalBot;+https://aspiegel.com/petalbot)"
185.220.100.241 - - [15/Oct/2020:14:40:12 +0000] "GET /ec/upload/product/34.jpg HTTP/1.1" 200 37225 "http://ezymart.co/" "Mozilla/5.0 (X11; Linux x86_64) AppleWebKit/537.36 (KHTML, like Gecko) Chrome/71.0.3563.0 Safari/537.36"
185.220.100.241 - - [15/Oct/2020:14:40:12 +0000] "GET /ec/upload/product/35.jpg HTTP/1.1" 200 43840 "http://ezymart.co/" "Mozilla/5.0 (X11; Linux x86_64) AppleWebKit/537.36 (KHTML, like Gecko) Chrome/71.0.3563.0 Safari/537.36"
185.220.100.241 - - [15/Oct/2020:14:40:12 +0000] "GET /ec/upload/product/36.jpg HTTP/1.1" 200 64802 "http://ezymart.co/" "Mozilla/5.0 (X11; Linux x86_64) AppleWebKit/537.36 (KHTML, like Gecko) Chrome/71.0.3563.0 Safari/537.36"
185.220.100.241 - - [15/Oct/2020:14:40:12 +0000] "GET /ec/upload/product/37.jpg HTTP/1.1" 200 153831 "http://ezymart.co/" "Mozilla/5.0 (X11; Linux x86_64) AppleWebKit/537.36 (KHTML, like Gecko) Chrome/71.0.3563.0 Safari/537.36"
185.220.100.241 - - [15/Oct/2020:14:40:12 +0000] "GET /ec/upload/product/38.jpg HTTP/1.1" 200 38633 "http://ezymart.co/" "Mozilla/5.0 (X11; Linux x86_64) AppleWebKit/537.36 (KHTML, like Gecko) Chrome/71.0.3563.0 Safari/537.36"
185.220.100.241 - - [15/Oct/2020:14:40:13 +0000] "GET /ec/upload/product/42.jpg HTTP/1.1" 200 127649 "http://ezymart.co/" "Mozilla/5.0 (X11; Linux x86_64) AppleWebKit/537.36 (KHTML, like Gecko) Chrome/71.0.3563.0 Safari/537.36"
185.220.100.241 - - [15/Oct/2020:14:40:13 +0000] "GET /ec/upload/product/40.jpg HTTP/1.1" 200 726510 "http://ezymart.co/" "Mozilla/5.0 (X11; Linux x86_64) AppleWebKit/537.36 (KHTML, like Gecko) Chrome/71.0.3563.0 Safari/537.36"
185.220.100.241 - - [15/Oct/2020:14:40:13 +0000] "GET /ec/upload/product/41.jpg HTTP/1.1" 200 173688 "http://ezymart.co/" "Mozilla/5.0 (X11; Linux x86_64) AppleWebKit/537.36 (KHTML, like Gecko) Chrome/71.0.3563.0 Safari/537.36"
185.220.100.241 - - [15/Oct/2020:14:40:13 +0000] "GET /ec/upload/product/44.jpg HTTP/1.1" 200 44889 "http://ezymart.co/" "Mozilla/5.0 (X11; Linux x86_64) AppleWebKit/537.36 (KHTML, like Gecko) Chrome/71.0.3563.0 Safari/537.36"
185.220.100.241 - - [15/Oct/2020:14:40:13 +0000] "GET /ec/upload/product/39.jpg HTTP/1.1" 200 212578 "http://ezymart.co/" "Mozilla/5.0 (X11; Linux x86_64) AppleWebKit/537.36 (KHTML, like Gecko) Chrome/71.0.3563.0 Safari/537.36"
185.220.100.241 - - [15/Oct/2020:14:40:13 +0000] "GET /ec/upload/product/43.jpg HTTP/1.1" 200 153216 "http://ezymart.co/" "Mozilla/5.0 (X11; Linux x86_64) AppleWebKit/537.36 (KHTML, like Gecko) Chrome/71.0.3563.0 Safari/537.36"
185.220.100.241 - - [15/Oct/2020:14:40:14 +0000] "GET /ec/upload/product/45.jpg HTTP/1.1" 200 34828 "http://ezymart.co/" "Mozilla/5.0 (X11; Linux x86_64) AppleWebKit/537.36 (KHTML, like Gecko) Chrome/71.0.3563.0 Safari/537.36"
185.220.100.241 - - [15/Oct/2020:14:40:14 +0000] "GET /ec/img/powered.png HTTP/1.1" 200 86920 "http://ezymart.co/" "Mozilla/5.0 (X11; Linux x86_64) AppleWebKit/537.36 (KHTML, like Gecko) Chrome/71.0.3563.0 Safari/537.36"
185.220.100.241 - - [15/Oct/2020:14:40:14 +0000] "GET /ec/img/payment.png HTTP/1.1" 200 285430 "http://ezymart.co/" "Mozilla/5.0 (X11; Linux x86_64) AppleWebKit/537.36 (KHTML, like Gecko) Chrome/71.0.3563.0 Safari/537.36"
114.119.146.241 - - [15/Oct/2020:14:56:24 +0000] "GET /assets/img/subsidiaries/qmis.png?1589925090 HTTP/1.1" 200 9689 "-" "Mozilla/5.0 (Linux; Android 7.0;) AppleWebKit/537.36 (KHTML, like Gecko) Mobile Safari/537.36 (compatible; PetalBot;+https://aspiegel.com/petalbot)"
66.249.79.229 - - [15/Oct/2020:14:58:52 +0000] "GET /assets/img/awards/entrepeuneur/entrepeuneur_03.jpg?1602700062 HTTP/1.1" 200 793910 "-" "Googlebot-Image/1.0"
114.119.133.91 - - [15/Oct/2020:15:01:21 +0000] "GET /assets/img/subsidiaries/mpt.png?1586401416 HTTP/1.1" 200 14752 "-" "Mozilla/5.0 (Linux; Android 7.0;) AppleWebKit/537.36 (KHTML, like Gecko) Mobile Safari/537.36 (compatible; PetalBot;+https://aspiegel.com/petalbot)"
114.119.151.206 - - [15/Oct/2020:15:06:22 +0000] "GET /assets/img/certificates/certificate_04.png?1602574685 HTTP/1.1" 200 1733081 "-" "Mozilla/5.0 (Linux; Android 7.0;) AppleWebKit/537.36 (KHTML, like Gecko) Mobile Safari/537.36 (compatible; PetalBot;+https://aspiegel.com/petalbot)"
66.249.79.231 - - [15/Oct/2020:15:09:33 +0000] "GET /assets/img/favicon.png?1602774566 HTTP/1.1" 200 458 "-" "Googlebot-Image/1.0"
114.119.139.224 - - [15/Oct/2020:15:11:24 +0000] "GET /ec/upload/event/15/15_177.jpeg?5f82e3f396b84685692662 HTTP/1.1" 200 110002 "-" "Mozilla/5.0 (Linux; Android 7.0;) AppleWebKit/537.36 (KHTML, like Gecko) Mobile Safari/537.36 (compatible; PetalBot;+https://aspiegel.com/petalbot)"
114.119.131.245 - - [15/Oct/2020:15:16:26 +0000] "GET /assets/img/projects/development/pengerang/cover_full.jpg?1601908727 HTTP/1.1" 200 354634 "-" "Mozilla/5.0 (Linux; Android 7.0;) AppleWebKit/537.36 (KHTML, like Gecko) Mobile Safari/537.36 (compatible; PetalBot;+https://aspiegel.com/petalbot)"
114.119.146.241 - - [15/Oct/2020:15:21:25 +0000] "GET /assets/img/projects/mining/nickel/cover_full.jpg?1601965439 HTTP/1.1" 200 449449 "-" "Mozilla/5.0 (Linux; Android 7.0;) AppleWebKit/537.36 (KHTML, like Gecko) Mobile Safari/537.36 (compatible; PetalBot;+https://aspiegel.com/petalbot)"
66.249.79.233 - - [15/Oct/2020:15:27:40 +0000] "GET /assets/img/logo.png?1602774821 HTTP/1.1" 200 11637 "-" "Googlebot-Image/1.0"
114.119.129.74 - - [15/Oct/2020:15:31:27 +0000] "GET /assets/img/subsidiaries/qmis_white.png?1586164402 HTTP/1.1" 200 9187 "-" "Mozilla/5.0 (Linux; Android 7.0;) AppleWebKit/537.36 (KHTML, like Gecko) Mobile Safari/537.36 (compatible; PetalBot;+https://aspiegel.com/petalbot)"
114.119.133.91 - - [15/Oct/2020:15:36:28 +0000] "GET /assets/img/certificates/certificate_17.png?1589847265 HTTP/1.1" 200 1627472 "-" "Mozilla/5.0 (Linux; Android 7.0;) AppleWebKit/537.36 (KHTML, like Gecko) Mobile Safari/537.36 (compatible; PetalBot;+https://aspiegel.com/petalbot)"
114.119.129.74 - - [15/Oct/2020:15:41:29 +0000] "GET /assets/img/subsidiaries/qmistbs.png?1592339757 HTTP/1.1" 200 21864 "-" "Mozilla/5.0 (Linux; Android 7.0;) AppleWebKit/537.36 (KHTML, like Gecko) Mobile Safari/537.36 (compatible; PetalBot;+https://aspiegel.com/petalbot)"
114.119.133.91 - - [15/Oct/2020:15:46:31 +0000] "GET /assets/img/team_new/latest/fong_chit_seng.png?1602575588 HTTP/1.1" 200 323384 "-" "Mozilla/5.0 (Linux; Android 7.0;) AppleWebKit/537.36 (KHTML, like Gecko) Mobile Safari/537.36 (compatible; PetalBot;+https://aspiegel.com/petalbot)"
114.119.141.18 - - [15/Oct/2020:15:51:31 +0000] "GET /assets/img/certificates/certificate_06.png?1585902087 HTTP/1.1" 200 1727975 "-" "Mozilla/5.0 (Linux; Android 7.0;) AppleWebKit/537.36 (KHTML, like Gecko) Mobile Safari/537.36 (compatible; PetalBot;+https://aspiegel.com/petalbot)"
66.249.79.231 - - [15/Oct/2020:15:56:29 +0000] "GET /assets/img/awards/top/top_01.jpg?1602774821 HTTP/1.1" 200 905161 "-" "Googlebot-Image/1.0"
114.119.135.201 - - [15/Oct/2020:15:56:49 +0000] "GET /assets/img/subsidiaries/qmis.png?1591469417 HTTP/1.1" 200 9689 "-" "Mozilla/5.0 (Linux; Android 7.0;) AppleWebKit/537.36 (KHTML, like Gecko) Mobile Safari/537.36 (compatible; PetalBot;+https://aspiegel.com/petalbot)"
114.119.146.241 - - [15/Oct/2020:16:01:36 +0000] "GET /ec/upload/event/15/15_176.jpeg?5f7da1b9c1c59395435536 HTTP/1.1" 200 109222 "-" "Mozilla/5.0 (Linux; Android 7.0;) AppleWebKit/537.36 (KHTML, like Gecko) Mobile Safari/537.36 (compatible; PetalBot;+https://aspiegel.com/petalbot)"
114.119.152.97 - - [15/Oct/2020:16:06:35 +0000] "GET /assets/img/awards/top/frame.png?1601524646 HTTP/1.1" 200 423332 "-" "Mozilla/5.0 (Linux; Android 7.0;) AppleWebKit/537.36 (KHTML, like Gecko) Mobile Safari/537.36 (compatible; PetalBot;+https://aspiegel.com/petalbot)"
114.119.141.18 - - [15/Oct/2020:16:11:37 +0000] "GET /assets/img/subsidiaries/qmis_white.png?1591548213 HTTP/1.1" 200 9187 "-" "Mozilla/5.0 (Linux; Android 7.0;) AppleWebKit/537.36 (KHTML, like Gecko) Mobile Safari/537.36 (compatible; PetalBot;+https://aspiegel.com/petalbot)"
114.119.131.245 - - [15/Oct/2020:16:16:37 +0000] "GET /assets/img/projects/development/johor_muar_condominium/cover_full_mobile.jpg?1602486767 HTTP/1.1" 200 414505 "-" "Mozilla/5.0 (Linux; Android 7.0;) AppleWebKit/537.36 (KHTML, like Gecko) Mobile Safari/537.36 (compatible; PetalBot;+https://aspiegel.com/petalbot)"
114.119.133.91 - - [15/Oct/2020:16:21:39 +0000] "GET /assets/img/media/2018_11_09_03/cover.jpg?1586016820 HTTP/1.1" 200 110689 "-" "Mozilla/5.0 (Linux; Android 7.0;) AppleWebKit/537.36 (KHTML, like Gecko) Mobile Safari/537.36 (compatible; PetalBot;+https://aspiegel.com/petalbot)"
66.249.79.229 - - [15/Oct/2020:16:25:17 +0000] "GET /assets/img/awards/entrepeuneur/entrepeuneur_03.jpg?1602774821 HTTP/1.1" 200 793910 "-" "Googlebot-Image/1.0"
66.249.79.229 - - [15/Oct/2020:16:25:56 +0000] "GET /assets/img/logo.png?1601856810 HTTP/1.1" 200 11637 "-" "Googlebot-Image/1.0"
114.119.152.97 - - [15/Oct/2020:16:26:39 +0000] "GET /assets/img/certificates/certificate_14.png?1602377300 HTTP/1.1" 200 2288187 "-" "Mozilla/5.0 (Linux; Android 7.0;) AppleWebKit/537.36 (KHTML, like Gecko) Mobile Safari/537.36 (compatible; PetalBot;+https://aspiegel.com/petalbot)"
114.119.141.18 - - [15/Oct/2020:16:31:43 +0000] "GET /assets/img/subsidiaries/qmistbs.png?1591233960 HTTP/1.1" 200 21864 "-" "Mozilla/5.0 (Linux; Android 7.0;) AppleWebKit/537.36 (KHTML, like Gecko) Mobile Safari/537.36 (compatible; PetalBot;+https://aspiegel.com/petalbot)"
114.119.146.241 - - [15/Oct/2020:16:36:41 +0000] "GET /ec/upload/event/5/5_30.JPG?5f876e6e37d461856076303 HTTP/1.1" 200 3304959 "-" "Mozilla/5.0 (Linux; Android 7.0;) AppleWebKit/537.36 (KHTML, like Gecko) Mobile Safari/537.36 (compatible; PetalBot;+https://aspiegel.com/petalbot)"
114.119.131.245 - - [15/Oct/2020:16:41:42 +0000] "GET /assets/img/subsidiaries/mpt.png?1586292282 HTTP/1.1" 200 14752 "-" "Mozilla/5.0 (Linux; Android 7.0;) AppleWebKit/537.36 (KHTML, like Gecko) Mobile Safari/537.36 (compatible; PetalBot;+https://aspiegel.com/petalbot)"
114.119.141.18 - - [15/Oct/2020:16:46:43 +0000] "GET /assets/img/certificates/certificate_07.png?1585927648 HTTP/1.1" 200 1880874 "-" "Mozilla/5.0 (Linux; Android 7.0;) AppleWebKit/537.36 (KHTML, like Gecko) Mobile Safari/537.36 (compatible; PetalBot;+https://aspiegel.com/petalbot)"
114.119.131.245 - - [15/Oct/2020:16:51:46 +0000] "GET /assets/img/subsidiaries/qmis_white.png?1590321703 HTTP/1.1" 200 9187 "-" "Mozilla/5.0 (Linux; Android 7.0;) AppleWebKit/537.36 (KHTML, like Gecko) Mobile Safari/537.36 (compatible; PetalBot;+https://aspiegel.com/petalbot)"
66.249.79.229 - - [15/Oct/2020:16:55:03 +0000] "GET /ec/upload/event/15.png?5f880be31e0341968111742 HTTP/1.1" 200 255303 "-" "Googlebot-Image/1.0"
114.119.134.148 - - [15/Oct/2020:17:01:48 +0000] "GET /ec/upload/event/8/8_76.JPG?5f863c785f9981359023505 HTTP/1.1" 200 1115369 "-" "Mozilla/5.0 (Linux; Android 7.0;) AppleWebKit/537.36 (KHTML, like Gecko) Mobile Safari/537.36 (compatible; PetalBot;+https://aspiegel.com/petalbot)"
114.119.133.91 - - [15/Oct/2020:17:06:50 +0000] "GET /assets/img/certificates/certificate_01.png?1602662325 HTTP/1.1" 200 1775292 "-" "Mozilla/5.0 (Linux; Android 7.0;) AppleWebKit/537.36 (KHTML, like Gecko) Mobile Safari/537.36 (compatible; PetalBot;+https://aspiegel.com/petalbot)"
114.119.139.224 - - [15/Oct/2020:17:11:50 +0000] "GET /ec/upload/event/11/11_141.JPG?5f85e1f73881c801500458 HTTP/1.1" 200 1366057 "-" "Mozilla/5.0 (Linux; Android 7.0;) AppleWebKit/537.36 (KHTML, like Gecko) Mobile Safari/537.36 (compatible; PetalBot;+https://aspiegel.com/petalbot)"
114.119.152.97 - - [15/Oct/2020:17:16:50 +0000] "GET /assets/img/subsidiaries/qmistbs.png?1591899431 HTTP/1.1" 200 21864 "-" "Mozilla/5.0 (Linux; Android 7.0;) AppleWebKit/537.36 (KHTML, like Gecko) Mobile Safari/537.36 (compatible; PetalBot;+https://aspiegel.com/petalbot)"
114.119.133.91 - - [15/Oct/2020:17:21:52 +0000] "GET /assets/img/subsidiaries/qmis_white.png?1590632807 HTTP/1.1" 200 9187 "-" "Mozilla/5.0 (Linux; Android 7.0;) AppleWebKit/537.36 (KHTML, like Gecko) Mobile Safari/537.36 (compatible; PetalBot;+https://aspiegel.com/petalbot)"
66.249.79.229 - - [15/Oct/2020:17:22:53 +0000] "GET /assets/img/awards/entrepeuneur/frame.png?1602738821 HTTP/1.1" 200 1345127 "-" "Googlebot-Image/1.0"
114.119.141.18 - - [15/Oct/2020:17:26:54 +0000] "GET /assets/img/books/gbusiness90/gbusiness90_04.jpg?1602260449 HTTP/1.1" 200 938397 "-" "Mozilla/5.0 (Linux; Android 7.0;) AppleWebKit/537.36 (KHTML, like Gecko) Mobile Safari/537.36 (compatible; PetalBot;+https://aspiegel.com/petalbot)"
114.119.134.148 - - [15/Oct/2020:17:31:53 +0000] "GET /ec/upload/event/18/18_204.jpeg?5f7f1c655f2851259827781 HTTP/1.1" 200 149001 "-" "Mozilla/5.0 (Linux; Android 7.0;) AppleWebKit/537.36 (KHTML, like Gecko) Mobile Safari/537.36 (compatible; PetalBot;+https://aspiegel.com/petalbot)"
114.119.139.224 - - [15/Oct/2020:17:36:54 +0000] "GET /assets/img/subsidiaries/qmis_white.png?1591422899 HTTP/1.1" 200 9187 "-" "Mozilla/5.0 (Linux; Android 7.0;) AppleWebKit/537.36 (KHTML, like Gecko) Mobile Safari/537.36 (compatible; PetalBot;+https://aspiegel.com/petalbot)"
114.119.141.18 - - [15/Oct/2020:17:41:56 +0000] "GET /assets/img/subsidiaries/qmis.png?1586085882 HTTP/1.1" 200 9689 "-" "Mozilla/5.0 (Linux; Android 7.0;) AppleWebKit/537.36 (KHTML, like Gecko) Mobile Safari/537.36 (compatible; PetalBot;+https://aspiegel.com/petalbot)"
114.119.133.91 - - [15/Oct/2020:17:46:56 +0000] "GET /assets/img/awards/entrepeuneur/frame.png?1601133794 HTTP/1.1" 200 1345127 "-" "Mozilla/5.0 (Linux; Android 7.0;) AppleWebKit/537.36 (KHTML, like Gecko) Mobile Safari/537.36 (compatible; PetalBot;+https://aspiegel.com/petalbot)"
66.249.79.233 - - [15/Oct/2020:17:51:40 +0000] "GET /assets/img/awards/top/frame.png?1602738821 HTTP/1.1" 200 423332 "-" "Googlebot-Image/1.0"
114.119.131.245 - - [15/Oct/2020:17:51:57 +0000] "GET /ec/upload/event/8/8_81.JPG?5f85612be717c724265343 HTTP/1.1" 200 1358731 "-" "Mozilla/5.0 (Linux; Android 7.0;) AppleWebKit/537.36 (KHTML, like Gecko) Mobile Safari/537.36 (compatible; PetalBot;+https://aspiegel.com/petalbot)"
114.119.133.91 - - [15/Oct/2020:18:12:02 +0000] "GET /ec/upload/event/6/6_106.JPG?5f82f4330acb32066792893 HTTP/1.1" 200 1292290 "-" "Mozilla/5.0 (Linux; Android 7.0;) AppleWebKit/537.36 (KHTML, like Gecko) Mobile Safari/537.36 (compatible; PetalBot;+https://aspiegel.com/petalbot)"
114.119.135.201 - - [15/Oct/2020:18:17:02 +0000] "GET /assets/img/subsidiaries/qmis.png?1585916006 HTTP/1.1" 200 9689 "-" "Mozilla/5.0 (Linux; Android 7.0;) AppleWebKit/537.36 (KHTML, like Gecko) Mobile Safari/537.36 (compatible; PetalBot;+https://aspiegel.com/petalbot)"
66.249.79.229 - - [15/Oct/2020:18:20:29 +0000] "GET /assets/img/certificates/certificate_16.png?1602727332 HTTP/1.1" 200 1690622 "-" "Googlebot-Image/1.0"
66.249.79.233 - - [15/Oct/2020:18:21:48 +0000] "GET /assets/img/favicon.png?1602774566 HTTP/1.1" 200 458 "-" "Googlebot-Image/1.0"
114.119.134.148 - - [15/Oct/2020:18:22:05 +0000] "GET /ec/upload/event/18/18_203.jpeg?5f7f1c655f22f835973103 HTTP/1.1" 200 146459 "-" "Mozilla/5.0 (Linux; Android 7.0;) AppleWebKit/537.36 (KHTML, like Gecko) Mobile Safari/537.36 (compatible; PetalBot;+https://aspiegel.com/petalbot)"
114.119.152.97 - - [15/Oct/2020:18:27:05 +0000] "GET /assets/img/subsidiaries/mpt.png?1590350595 HTTP/1.1" 200 14752 "-" "Mozilla/5.0 (Linux; Android 7.0;) AppleWebKit/537.36 (KHTML, like Gecko) Mobile Safari/537.36 (compatible; PetalBot;+https://aspiegel.com/petalbot)"
114.119.151.206 - - [15/Oct/2020:18:32:05 +0000] "GET /assets/img/subsidiaries/mpt.png?1591438166 HTTP/1.1" 200 14752 "-" "Mozilla/5.0 (Linux; Android 7.0;) AppleWebKit/537.36 (KHTML, like Gecko) Mobile Safari/537.36 (compatible; PetalBot;+https://aspiegel.com/petalbot)"
114.119.141.18 - - [15/Oct/2020:18:37:08 +0000] "GET /assets/img/subsidiaries/qmis_white.png?1592182683 HTTP/1.1" 200 9187 "-" "Mozilla/5.0 (Linux; Android 7.0;) AppleWebKit/537.36 (KHTML, like Gecko) Mobile Safari/537.36 (compatible; PetalBot;+https://aspiegel.com/petalbot)"
114.119.131.245 - - [15/Oct/2020:18:42:10 +0000] "GET /assets/img/subsidiaries/qmis.png?1586312431 HTTP/1.1" 200 9689 "-" "Mozilla/5.0 (Linux; Android 7.0;) AppleWebKit/537.36 (KHTML, like Gecko) Mobile Safari/537.36 (compatible; PetalBot;+https://aspiegel.com/petalbot)"
114.119.141.18 - - [15/Oct/2020:18:47:10 +0000] "GET /assets/img/subsidiaries/qmis.png?1586453743 HTTP/1.1" 200 9689 "-" "Mozilla/5.0 (Linux; Android 7.0;) AppleWebKit/537.36 (KHTML, like Gecko) Mobile Safari/537.36 (compatible; PetalBot;+https://aspiegel.com/petalbot)"
66.249.79.233 - - [15/Oct/2020:18:49:16 +0000] "GET /ec/upload/event/14.jpeg?5f8896443bb43250580814 HTTP/1.1" 200 32051 "-" "Googlebot-Image/1.0"
114.119.152.97 - - [15/Oct/2020:18:52:11 +0000] "GET /ec/upload/event/7/7_58.JPG?5f8719968cf1a247941280 HTTP/1.1" 200 968262 "-" "Mozilla/5.0 (Linux; Android 7.0;) AppleWebKit/537.36 (KHTML, like Gecko) Mobile Safari/537.36 (compatible; PetalBot;+https://aspiegel.com/petalbot)"
114.119.146.241 - - [15/Oct/2020:18:57:12 +0000] "GET /assets/img/subsidiaries/qmis_white.png?1585902087 HTTP/1.1" 200 9187 "-" "Mozilla/5.0 (Linux; Android 7.0;) AppleWebKit/537.36 (KHTML, like Gecko) Mobile Safari/537.36 (compatible; PetalBot;+https://aspiegel.com/petalbot)"
114.119.139.224 - - [15/Oct/2020:19:02:15 +0000] "GET /assets/img/certificates/certificate_17.png?1592101304 HTTP/1.1" 200 1627472 "-" "Mozilla/5.0 (Linux; Android 7.0;) AppleWebKit/537.36 (KHTML, like Gecko) Mobile Safari/537.36 (compatible; PetalBot;+http://aspiegel.com/petalbot)"
114.119.151.206 - - [15/Oct/2020:19:07:14 +0000] "GET /assets/img/certificates/certificate_04.png?1590921670 HTTP/1.1" 200 1733081 "-" "Mozilla/5.0 (Linux; Android 7.0;) AppleWebKit/537.36 (KHTML, like Gecko) Mobile Safari/537.36 (compatible; PetalBot;+https://aspiegel.com/petalbot)"
114.119.151.206 - - [15/Oct/2020:19:12:15 +0000] "GET /assets/img/subsidiaries/qmis.png?1589785554 HTTP/1.1" 200 9689 "-" "Mozilla/5.0 (Linux; Android 7.0;) AppleWebKit/537.36 (KHTML, like Gecko) Mobile Safari/537.36 (compatible; PetalBot;+https://aspiegel.com/petalbot)"
114.119.152.97 - - [15/Oct/2020:19:17:18 +0000] "GET /assets/img/subsidiaries/qmis.png?1586048995 HTTP/1.1" 200 9689 "-" "Mozilla/5.0 (Linux; Android 7.0;) AppleWebKit/537.36 (KHTML, like Gecko) Mobile Safari/537.36 (compatible; PetalBot;+https://aspiegel.com/petalbot)"
66.249.79.229 - - [15/Oct/2020:19:18:01 +0000] "GET /assets/img/favicon.png?1602603852 HTTP/1.1" 200 458 "-" "Googlebot-Image/1.0"
66.249.79.229 - - [15/Oct/2020:19:18:04 +0000] "GET /ec/upload/event/21.jpeg?5f8896443b70c121408017 HTTP/1.1" 200 302499 "-" "Googlebot-Image/1.0"
114.119.131.245 - - [15/Oct/2020:19:22:17 +0000] "GET /assets/img/awards/all.png?1602714816 HTTP/1.1" 200 3102259 "-" "Mozilla/5.0 (Linux; Android 7.0;) AppleWebKit/537.36 (KHTML, like Gecko) Mobile Safari/537.36 (compatible; PetalBot;+https://aspiegel.com/petalbot)"
114.119.141.18 - - [15/Oct/2020:19:27:18 +0000] "GET /assets/img/subsidiaries/qmis_white.png?1590446084 HTTP/1.1" 200 9187 "-" "Mozilla/5.0 (Linux; Android 7.0;) AppleWebKit/537.36 (KHTML, like Gecko) Mobile Safari/537.36 (compatible; PetalBot;+https://aspiegel.com/petalbot)"
114.119.151.206 - - [15/Oct/2020:19:32:20 +0000] "GET /ec/upload/event/7/7_63.JPG?5f8719968cfae1494824841 HTTP/1.1" 200 1113030 "-" "Mozilla/5.0 (Linux; Android 7.0;) AppleWebKit/537.36 (KHTML, like Gecko) Mobile Safari/537.36 (compatible; PetalBot;+https://aspiegel.com/petalbot)"
114.119.151.206 - - [15/Oct/2020:19:37:20 +0000] "GET /ec/upload/event/7.JPG?5f78d46c4fa551798706632 HTTP/1.1" 200 1508030 "-" "Mozilla/5.0 (Linux; Android 7.0;) AppleWebKit/537.36 (KHTML, like Gecko) Mobile Safari/537.36 (compatible; PetalBot;+https://aspiegel.com/petalbot)"
114.119.134.148 - - [15/Oct/2020:19:42:22 +0000] "GET /assets/img/subsidiaries/qmis_white.png?1586384789 HTTP/1.1" 200 9187 "-" "Mozilla/5.0 (Linux; Android 7.0;) AppleWebKit/537.36 (KHTML, like Gecko) Mobile Safari/537.36 (compatible; PetalBot;+https://aspiegel.com/petalbot)"
66.249.79.229 - - [15/Oct/2020:19:46:52 +0000] "GET /ec/upload/event/19.jpeg?5f8896443baf91001235322 HTTP/1.1" 200 52376 "-" "Googlebot-Image/1.0"
114.119.152.97 - - [15/Oct/2020:19:47:22 +0000] "GET /assets/img/subsidiaries/qmis_white.png?1590823100 HTTP/1.1" 200 9187 "-" "Mozilla/5.0 (Linux; Android 7.0;) AppleWebKit/537.36 (KHTML, like Gecko) Mobile Safari/537.36 (compatible; PetalBot;+https://aspiegel.com/petalbot)"
114.119.129.74 - - [15/Oct/2020:19:52:23 +0000] "GET /ec/upload/event/15/15_173.jpeg?5f85fba5e3c271363871970 HTTP/1.1" 200 114504 "-" "Mozilla/5.0 (Linux; Android 7.0;) AppleWebKit/537.36 (KHTML, like Gecko) Mobile Safari/537.36 (compatible; PetalBot;+https://aspiegel.com/petalbot)"
114.119.141.18 - - [15/Oct/2020:19:57:24 +0000] "GET /assets/img/subsidiaries/qmistbs.png?1590887777 HTTP/1.1" 200 21864 "-" "Mozilla/5.0 (Linux; Android 7.0;) AppleWebKit/537.36 (KHTML, like Gecko) Mobile Safari/537.36 (compatible; PetalBot;+https://aspiegel.com/petalbot)"
114.119.141.18 - - [15/Oct/2020:20:02:41 +0000] "GET /ec/upload/event/6/6_114.JPG?5f7d1c9eed5f5937177494 HTTP/1.1" 200 916892 "-" "Mozilla/5.0 (Linux; Android 7.0;) AppleWebKit/537.36 (KHTML, like Gecko) Mobile Safari/537.36 (compatible; PetalBot;+https://aspiegel.com/petalbot)"
114.119.141.18 - - [15/Oct/2020:20:07:27 +0000] "GET /assets/img/subsidiaries/qmis.png?1591341130 HTTP/1.1" 200 9689 "-" "Mozilla/5.0 (Linux; Android 7.0;) AppleWebKit/537.36 (KHTML, like Gecko) Mobile Safari/537.36 (compatible; PetalBot;+https://aspiegel.com/petalbot)"
114.119.141.18 - - [15/Oct/2020:20:12:27 +0000] "GET /assets/img/subsidiaries/qmis_white.png?1585927648 HTTP/1.1" 200 9187 "-" "Mozilla/5.0 (Linux; Android 7.0;) AppleWebKit/537.36 (KHTML, like Gecko) Mobile Safari/537.36 (compatible; PetalBot;+https://aspiegel.com/petalbot)"
66.249.79.233 - - [15/Oct/2020:20:15:41 +0000] "GET /assets/img/awards/entrepeuneur/entrepeuneur_01.jpg?1602774821 HTTP/1.1" 200 1019722 "-" "Googlebot-Image/1.0"
114.119.135.201 - - [15/Oct/2020:20:17:29 +0000] "GET /assets/img/subsidiaries/qmis.png?1592213898 HTTP/1.1" 200 9689 "-" "Mozilla/5.0 (Linux; Android 7.0;) AppleWebKit/537.36 (KHTML, like Gecko) Mobile Safari/537.36 (compatible; PetalBot;+https://aspiegel.com/petalbot)"
114.119.134.148 - - [15/Oct/2020:20:22:29 +0000] "GET /assets/img/subsidiaries/qmis_white.png?1585916006 HTTP/1.1" 200 9187 "-" "Mozilla/5.0 (Linux; Android 7.0;) AppleWebKit/537.36 (KHTML, like Gecko) Mobile Safari/537.36 (compatible; PetalBot;+https://aspiegel.com/petalbot)"
114.119.134.148 - - [15/Oct/2020:20:27:30 +0000] "GET /assets/img/subsidiaries/qmis.png?1592101304 HTTP/1.1" 200 9689 "-" "Mozilla/5.0 (Linux; Android 7.0;) AppleWebKit/537.36 (KHTML, like Gecko) Mobile Safari/537.36 (compatible; PetalBot;+https://aspiegel.com/petalbot)"
114.119.151.206 - - [15/Oct/2020:20:37:33 +0000] "GET /assets/img/subsidiaries/qmis_white.png?1590907029 HTTP/1.1" 200 9187 "-" "Mozilla/5.0 (Linux; Android 7.0;) AppleWebKit/537.36 (KHTML, like Gecko) Mobile Safari/537.36 (compatible; PetalBot;+https://aspiegel.com/petalbot)"
114.119.151.206 - - [15/Oct/2020:20:42:33 +0000] "GET /ec/upload/event/6/6_120.JPG?5f82f4330b4181381765039 HTTP/1.1" 200 1129488 "-" "Mozilla/5.0 (Linux; Android 7.0;) AppleWebKit/537.36 (KHTML, like Gecko) Mobile Safari/537.36 (compatible; PetalBot;+https://aspiegel.com/petalbot)"
66.249.79.231 - - [15/Oct/2020:20:44:47 +0000] "GET /assets/img/awards/entrepeuneur/entrepeuneur_04.jpg?1602738821 HTTP/1.1" 200 786629 "-" "Googlebot-Image/1.0"
114.119.146.241 - - [15/Oct/2020:20:52:35 +0000] "GET /assets/img/subsidiaries/pantop_corporation.png?1586202020 HTTP/1.1" 200 38509 "-" "Mozilla/5.0 (Linux; Android 7.0;) AppleWebKit/537.36 (KHTML, like Gecko) Mobile Safari/537.36 (compatible; PetalBot;+https://aspiegel.com/petalbot)"
114.119.135.201 - - [15/Oct/2020:20:57:40 +0000] "GET /assets/img/subsidiaries/qmis.png?1586253799 HTTP/1.1" 200 9689 "-" "Mozilla/5.0 (Linux; Android 7.0;) AppleWebKit/537.36 (KHTML, like Gecko) Mobile Safari/537.36 (compatible; PetalBot;+https://aspiegel.com/petalbot)"
114.119.151.206 - - [15/Oct/2020:21:02:40 +0000] "GET /assets/img/team_new/latest/desmond_chen.png?1602506461 HTTP/1.1" 200 194431 "-" "Mozilla/5.0 (Linux; Android 7.0;) AppleWebKit/537.36 (KHTML, like Gecko) Mobile Safari/537.36 (compatible; PetalBot;+https://aspiegel.com/petalbot)"
114.119.152.97 - - [15/Oct/2020:21:07:41 +0000] "GET /assets/img/subsidiaries/qmistbs.png?1590823100 HTTP/1.1" 200 21864 "-" "Mozilla/5.0 (Linux; Android 7.0;) AppleWebKit/537.36 (KHTML, like Gecko) Mobile Safari/537.36 (compatible; PetalBot;+https://aspiegel.com/petalbot)"
114.119.152.97 - - [15/Oct/2020:21:12:39 +0000] "GET /assets/img/team_new/latest/fong_chit_seng.png?1602575588 HTTP/1.1" 200 323384 "-" "Mozilla/5.0 (Linux; Android 7.0;) AppleWebKit/537.36 (KHTML, like Gecko) Mobile Safari/537.36 (compatible; PetalBot;+https://aspiegel.com/petalbot)"
66.249.79.231 - - [15/Oct/2020:21:14:43 +0000] "GET /assets/img/awards/entrepeuneur/entrepeuneur_02.jpg?1602738821 HTTP/1.1" 200 1500012 "-" "Googlebot-Image/1.0"
114.119.141.18 - - [15/Oct/2020:21:17:46 +0000] "GET /ec/upload/event/7/7_65.JPG?5f80a46de1079370646155 HTTP/1.1" 200 1062252 "-" "Mozilla/5.0 (Linux; Android 7.0;) AppleWebKit/537.36 (KHTML, like Gecko) Mobile Safari/537.36 (compatible; PetalBot;+https://aspiegel.com/petalbot)"
114.119.135.201 - - [15/Oct/2020:21:22:41 +0000] "GET /assets/img/projects/biotechnology/biotechnology/cover_full_mobile.jpg?1601527576 HTTP/1.1" 200 357982 "-" "Mozilla/5.0 (Linux; Android 7.0;) AppleWebKit/537.36 (KHTML, like Gecko) Mobile Safari/537.36 (compatible; PetalBot;+https://aspiegel.com/petalbot)"
114.119.129.74 - - [15/Oct/2020:21:27:44 +0000] "GET /ec/upload/event/8/8_83.JPG?5f7bde65cc9d2417965397 HTTP/1.1" 200 1378422 "-" "Mozilla/5.0 (Linux; Android 7.0;) AppleWebKit/537.36 (KHTML, like Gecko) Mobile Safari/537.36 (compatible; PetalBot;+https://aspiegel.com/petalbot)"
114.119.152.97 - - [15/Oct/2020:21:32:44 +0000] "GET /assets/img/subsidiaries/mpt.png?1591159269 HTTP/1.1" 200 14752 "-" "Mozilla/5.0 (Linux; Android 7.0;) AppleWebKit/537.36 (KHTML, like Gecko) Mobile Safari/537.36 (compatible; PetalBot;+https://aspiegel.com/petalbot)"
114.119.131.245 - - [15/Oct/2020:21:37:52 +0000] "GET /ec/upload/event/7/7_73.JPG HTTP/1.1" 200 906791 "-" "Mozilla/5.0 (Linux; Android 7.0;) AppleWebKit/537.36 (KHTML, like Gecko) Mobile Safari/537.36 (compatible; PetalBot;+https://aspiegel.com/petalbot)"
66.249.79.253 - - [15/Oct/2020:21:42:05 +0000] "GET /assets/img/awards/top/frame.png?1602774821 HTTP/1.1" 200 423332 "-" "Googlebot-Image/1.0"
114.119.139.224 - - [15/Oct/2020:21:42:47 +0000] "GET /ec/upload/event/5.jpg?5f83a5c966cdb778050178 HTTP/1.1" 200 369782 "-" "Mozilla/5.0 (Linux; Android 7.0;) AppleWebKit/537.36 (KHTML, like Gecko) Mobile Safari/537.36 (compatible; PetalBot;+https://aspiegel.com/petalbot)"
114.119.152.97 - - [15/Oct/2020:21:47:46 +0000] "GET /assets/img/subsidiaries/pantop_corporation.png?1586052602 HTTP/1.1" 200 38509 "-" "Mozilla/5.0 (Linux; Android 7.0;) AppleWebKit/537.36 (KHTML, like Gecko) Mobile Safari/537.36 (compatible; PetalBot;+https://aspiegel.com/petalbot)"
114.119.134.148 - - [15/Oct/2020:21:52:50 +0000] "GET /assets/img/subsidiaries/mpt.png?1592051867 HTTP/1.1" 200 14752 "-" "Mozilla/5.0 (Linux; Android 7.0;) AppleWebKit/537.36 (KHTML, like Gecko) Mobile Safari/537.36 (compatible; PetalBot;+https://aspiegel.com/petalbot)"
114.119.133.91 - - [15/Oct/2020:21:58:01 +0000] "GET /ec/upload/event/8/8_85.JPG?5f863c785ffb91687546493 HTTP/1.1" 200 1327654 "-" "Mozilla/5.0 (Linux; Android 7.0;) AppleWebKit/537.36 (KHTML, like Gecko) Mobile Safari/537.36 (compatible; PetalBot;+https://aspiegel.com/petalbot)"
114.119.134.148 - - [15/Oct/2020:22:03:07 +0000] "GET /ec/upload/event/20.jpeg?5f8710e17f72a1670844770 HTTP/1.1" 200 68490 "-" "Mozilla/5.0 (Linux; Android 7.0;) AppleWebKit/537.36 (KHTML, like Gecko) Mobile Safari/537.36 (compatible; PetalBot;+https://aspiegel.com/petalbot)"
66.249.79.229 - - [15/Oct/2020:22:05:38 +0000] "GET /assets/js/comment-reply.min.js?1601856000 HTTP/1.1" 200 1105 "http://richwoodvc.com/" "Mozilla/5.0 (Linux; Android 6.0.1; Nexus 5X Build/MMB29P) AppleWebKit/537.36 (KHTML, like Gecko) Chrome/85.0.4183.140 Mobile Safari/537.36 (compatible; Googlebot/2.1; +http://www.google.com/bot.html)"
114.119.133.91 - - [15/Oct/2020:22:08:02 +0000] "GET /assets/img/certificates/certificate_12.png?1590547412 HTTP/1.1" 200 1731211 "-" "Mozilla/5.0 (Linux; Android 7.0;) AppleWebKit/537.36 (KHTML, like Gecko) Mobile Safari/537.36 (compatible; PetalBot;+https://aspiegel.com/petalbot)"
66.249.79.229 - - [15/Oct/2020:22:10:52 +0000] "GET /assets/img/awards/entrepeuneur/entrepeuneur_04.jpg?1602700062 HTTP/1.1" 200 786629 "-" "Googlebot-Image/1.0"
114.119.152.97 - - [15/Oct/2020:22:12:52 +0000] "GET /assets/img/subsidiaries/qmis.png?1585922760 HTTP/1.1" 200 9689 "-" "Mozilla/5.0 (Linux; Android 7.0;) AppleWebKit/537.36 (KHTML, like Gecko) Mobile Safari/537.36 (compatible; PetalBot;+https://aspiegel.com/petalbot)"
114.119.134.148 - - [15/Oct/2020:22:17:55 +0000] "GET /assets/img/awards/top/top_02.jpg?1602714816 HTTP/1.1" 200 919480 "-" "Mozilla/5.0 (Linux; Android 7.0;) AppleWebKit/537.36 (KHTML, like Gecko) Mobile Safari/537.36 (compatible; PetalBot;+https://aspiegel.com/petalbot)"
114.119.134.148 - - [15/Oct/2020:22:22:53 +0000] "GET /assets/img/media/2018_11_04_01/cover.jpg?1602698202 HTTP/1.1" 200 143542 "-" "Mozilla/5.0 (Linux; Android 7.0;) AppleWebKit/537.36 (KHTML, like Gecko) Mobile Safari/537.36 (compatible; PetalBot;+https://aspiegel.com/petalbot)"
114.119.151.206 - - [15/Oct/2020:22:27:59 +0000] "GET /assets/img/team_new/latest/christina_hew.png?1602392440 HTTP/1.1" 200 387213 "-" "Mozilla/5.0 (Linux; Android 7.0;) AppleWebKit/537.36 (KHTML, like Gecko) Mobile Safari/537.36 (compatible; PetalBot;+https://aspiegel.com/petalbot)"
114.119.129.74 - - [15/Oct/2020:22:37:59 +0000] "GET /assets/img/newspaper/03.png?1601871551 HTTP/1.1" 200 821146 "-" "Mozilla/5.0 (Linux; Android 7.0;) AppleWebKit/537.36 (KHTML, like Gecko) Mobile Safari/537.36 (compatible; PetalBot;+https://aspiegel.com/petalbot)"
66.249.79.229 - - [15/Oct/2020:22:39:41 +0000] "GET /assets/img/awards/entrepeuneur/entrepeuneur_02.jpg?1602700062 HTTP/1.1" 200 1500012 "-" "Googlebot-Image/1.0"
114.119.129.74 - - [15/Oct/2020:22:43:05 +0000] "GET /assets/img/certificates/certificate_06.png?1586175964 HTTP/1.1" 200 1727975 "-" "Mozilla/5.0 (Linux; Android 7.0;) AppleWebKit/537.36 (KHTML, like Gecko) Mobile Safari/537.36 (compatible; PetalBot;+https://aspiegel.com/petalbot)"
114.119.135.201 - - [15/Oct/2020:22:48:01 +0000] "GET /assets/img/subsidiaries/mpt.png?1586031026 HTTP/1.1" 200 14752 "-" "Mozilla/5.0 (Linux; Android 7.0;) AppleWebKit/537.36 (KHTML, like Gecko) Mobile Safari/537.36 (compatible; PetalBot;+https://aspiegel.com/petalbot)"
114.119.129.74 - - [15/Oct/2020:22:53:01 +0000] "GET /assets/img/subsidiaries/qmis.png?1589941453 HTTP/1.1" 200 9689 "-" "Mozilla/5.0 (Linux; Android 7.0;) AppleWebKit/537.36 (KHTML, like Gecko) Mobile Safari/537.36 (compatible; PetalBot;+https://aspiegel.com/petalbot)"
114.119.131.245 - - [15/Oct/2020:22:58:03 +0000] "GET /assets/img/subsidiaries/mpt.png?1586355880 HTTP/1.1" 200 14752 "-" "Mozilla/5.0 (Linux; Android 7.0;) AppleWebKit/537.36 (KHTML, like Gecko) Mobile Safari/537.36 (compatible; PetalBot;+https://aspiegel.com/petalbot)"
114.119.152.97 - - [15/Oct/2020:23:03:02 +0000] "GET /assets/img/subsidiaries/qmis.png?1591688884 HTTP/1.1" 200 9689 "-" "Mozilla/5.0 (Linux; Android 7.0;) AppleWebKit/537.36 (KHTML, like Gecko) Mobile Safari/537.36 (compatible; PetalBot;+https://aspiegel.com/petalbot)"
207.46.13.111 - - [15/Oct/2020:23:07:08 +0000] "GET /ec/img/powered.png HTTP/1.1" 200 86920 "-" "Mozilla/5.0 (compatible; bingbot/2.0; +http://www.bing.com/bingbot.htm)"
114.119.133.91 - - [15/Oct/2020:23:08:39 +0000] "GET /assets/img/media/2018_11_04_01/cover.jpg?1592324589 HTTP/1.1" 200 143542 "-" "Mozilla/5.0 (Linux; Android 7.0;) AppleWebKit/537.36 (KHTML, like Gecko) Mobile Safari/537.36 (compatible; PetalBot;+https://aspiegel.com/petalbot)"
66.249.79.253 - - [15/Oct/2020:23:09:29 +0000] "GET /assets/img/subsidiaries/qmis_white.png?1602790506 HTTP/1.1" 200 9187 "-" "Googlebot-Image/1.0"
114.119.134.148 - - [15/Oct/2020:23:13:06 +0000] "GET /assets/img/subsidiaries/mpt.png?1590907029 HTTP/1.1" 200 14752 "-" "Mozilla/5.0 (Linux; Android 7.0;) AppleWebKit/537.36 (KHTML, like Gecko) Mobile Safari/537.36 (compatible; PetalBot;+https://aspiegel.com/petalbot)"
114.119.135.201 - - [15/Oct/2020:23:18:06 +0000] "GET /assets/img/certificates/certificate_12.png?1601333320 HTTP/1.1" 200 1731211 "-" "Mozilla/5.0 (Linux; Android 7.0;) AppleWebKit/537.36 (KHTML, like Gecko) Mobile Safari/537.36 (compatible; PetalBot;+https://aspiegel.com/petalbot)"
114.119.131.245 - - [15/Oct/2020:23:23:07 +0000] "GET /assets/img/subsidiaries/qmis.png?1592444305 HTTP/1.1" 200 9689 "-" "Mozilla/5.0 (Linux; Android 7.0;) AppleWebKit/537.36 (KHTML, like Gecko) Mobile Safari/537.36 (compatible; PetalBot;+https://aspiegel.com/petalbot)"
114.119.146.241 - - [15/Oct/2020:23:28:08 +0000] "GET /assets/img/subsidiaries/mpt.png?1591866397 HTTP/1.1" 200 14752 "-" "Mozilla/5.0 (Linux; Android 7.0;) AppleWebKit/537.36 (KHTML, like Gecko) Mobile Safari/537.36 (compatible; PetalBot;+https://aspiegel.com/petalbot)"
114.119.152.97 - - [15/Oct/2020:23:33:11 +0000] "GET /assets/img/subsidiaries/qmis_white.png?1586029766 HTTP/1.1" 200 9187 "-" "Mozilla/5.0 (Linux; Android 7.0;) AppleWebKit/537.36 (KHTML, like Gecko) Mobile Safari/537.36 (compatible; PetalBot;+https://aspiegel.com/petalbot)"
66.249.79.229 - - [15/Oct/2020:23:37:16 +0000] "GET /ec/upload/event/15.png?5f8896443bb8b1973606605 HTTP/1.1" 200 255303 "-" "Googlebot-Image/1.0"
114.119.134.148 - - [15/Oct/2020:23:38:10 +0000] "GET /assets/img/subsidiaries/qmistbs.png?1590397977 HTTP/1.1" 200 21864 "-" "Mozilla/5.0 (Linux; Android 7.0;) AppleWebKit/537.36 (KHTML, like Gecko) Mobile Safari/537.36 (compatible; PetalBot;+https://aspiegel.com/petalbot)"
210.195.180.118 - - [15/Oct/2020:23:40:22 +0000] "GET /assets/css/wp-block-library-css.css?1602805221 HTTP/1.1" 200 4297 "http://richwoodvc.com/" "Mozilla/5.0 (iPhone; CPU iPhone OS 14_0_1 like Mac OS X) AppleWebKit/605.1.15 (KHTML, like Gecko) Version/14.0 Mobile/15E148 Safari/604.1"
210.195.180.118 - - [15/Oct/2020:23:40:22 +0000] "GET /assets/css/rs-plugin-settings-css.css?1602805221 HTTP/1.1" 200 7563 "http://richwoodvc.com/" "Mozilla/5.0 (iPhone; CPU iPhone OS 14_0_1 like Mac OS X) AppleWebKit/605.1.15 (KHTML, like Gecko) Version/14.0 Mobile/15E148 Safari/604.1"
210.195.180.118 - - [15/Oct/2020:23:40:22 +0000] "GET /assets/css/goarch_main_style-css.css?1602805221 HTTP/1.1" 200 65153 "http://richwoodvc.com/" "Mozilla/5.0 (iPhone; CPU iPhone OS 14_0_1 like Mac OS X) AppleWebKit/605.1.15 (KHTML, like Gecko) Version/14.0 Mobile/15E148 Safari/604.1"
210.195.180.118 - - [15/Oct/2020:23:40:22 +0000] "GET /assets/js/jquery.js?1602805221 HTTP/1.1" 200 33805 "http://richwoodvc.com/" "Mozilla/5.0 (iPhone; CPU iPhone OS 14_0_1 like Mac OS X) AppleWebKit/605.1.15 (KHTML, like Gecko) Version/14.0 Mobile/15E148 Safari/604.1"
210.195.180.118 - - [15/Oct/2020:23:40:22 +0000] "GET /assets/css/goarch_style_wp-css.css?1602805221 HTTP/1.1" 200 946 "http://richwoodvc.com/" "Mozilla/5.0 (iPhone; CPU iPhone OS 14_0_1 like Mac OS X) AppleWebKit/605.1.15 (KHTML, like Gecko) Version/14.0 Mobile/15E148 Safari/604.1"
210.195.180.118 - - [15/Oct/2020:23:40:22 +0000] "GET /assets/css/js_composer_front-css.css?1602805221 HTTP/1.1" 200 44990 "http://richwoodvc.com/" "Mozilla/5.0 (iPhone; CPU iPhone OS 14_0_1 like Mac OS X) AppleWebKit/605.1.15 (KHTML, like Gecko) Version/14.0 Mobile/15E148 Safari/604.1"
210.195.180.118 - - [15/Oct/2020:23:40:22 +0000] "GET /assets/js/jquery-migrate.min.js?1602805221 HTTP/1.1" 200 4029 "http://richwoodvc.com/" "Mozilla/5.0 (iPhone; CPU iPhone OS 14_0_1 like Mac OS X) AppleWebKit/605.1.15 (KHTML, like Gecko) Version/14.0 Mobile/15E148 Safari/604.1"
210.195.180.118 - - [15/Oct/2020:23:40:22 +0000] "GET /assets/js/jquery.themepunch.tools.min.js?1602805221 HTTP/1.1" 200 37361 "http://richwoodvc.com/" "Mozilla/5.0 (iPhone; CPU iPhone OS 14_0_1 like Mac OS X) AppleWebKit/605.1.15 (KHTML, like Gecko) Version/14.0 Mobile/15E148 Safari/604.1"
210.195.180.118 - - [15/Oct/2020:23:40:22 +0000] "GET /assets/js/jquery.themepunch.revolution.min.js?1602805221 HTTP/1.1" 200 16611 "http://richwoodvc.com/" "Mozilla/5.0 (iPhone; CPU iPhone OS 14_0_1 like Mac OS X) AppleWebKit/605.1.15 (KHTML, like Gecko) Version/14.0 Mobile/15E148 Safari/604.1"
210.195.180.118 - - [15/Oct/2020:23:40:22 +0000] "GET /assets/js/email-decode.min.js?1602805221 HTTP/1.1" 200 665 "http://richwoodvc.com/" "Mozilla/5.0 (iPhone; CPU iPhone OS 14_0_1 like Mac OS X) AppleWebKit/605.1.15 (KHTML, like Gecko) Version/14.0 Mobile/15E148 Safari/604.1"
210.195.180.118 - - [15/Oct/2020:23:40:22 +0000] "GET /assets/js/bootstrap.min.js?1602805221 HTTP/1.1" 200 9946 "http://richwoodvc.com/" "Mozilla/5.0 (iPhone; CPU iPhone OS 14_0_1 like Mac OS X) AppleWebKit/605.1.15 (KHTML, like Gecko) Version/14.0 Mobile/15E148 Safari/604.1"
210.195.180.118 - - [15/Oct/2020:23:40:22 +0000] "GET /assets/js/jquery.validate.min.js?1602805221 HTTP/1.1" 200 6383 "http://richwoodvc.com/" "Mozilla/5.0 (iPhone; CPU iPhone OS 14_0_1 like Mac OS X) AppleWebKit/605.1.15 (KHTML, like Gecko) Version/14.0 Mobile/15E148 Safari/604.1"
210.195.180.118 - - [15/Oct/2020:23:40:22 +0000] "GET /assets/js/wow.min.js?1602805221 HTTP/1.1" 200 2767 "http://richwoodvc.com/" "Mozilla/5.0 (iPhone; CPU iPhone OS 14_0_1 like Mac OS X) AppleWebKit/605.1.15 (KHTML, like Gecko) Version/14.0 Mobile/15E148 Safari/604.1"
210.195.180.118 - - [15/Oct/2020:23:40:22 +0000] "GET /assets/js/jquery.stellar.min.js?1602805221 HTTP/1.1" 200 3422 "http://richwoodvc.com/" "Mozilla/5.0 (iPhone; CPU iPhone OS 14_0_1 like Mac OS X) AppleWebKit/605.1.15 (KHTML, like Gecko) Version/14.0 Mobile/15E148 Safari/604.1"
210.195.180.118 - - [15/Oct/2020:23:40:22 +0000] "GET /assets/js/owl.carousel.min.js?1602805221 HTTP/1.1" 200 6542 "http://richwoodvc.com/" "Mozilla/5.0 (iPhone; CPU iPhone OS 14_0_1 like Mac OS X) AppleWebKit/605.1.15 (KHTML, like Gecko) Version/14.0 Mobile/15E148 Safari/604.1"
210.195.180.118 - - [15/Oct/2020:23:40:22 +0000] "GET /assets/js/jquery.magnific-popup.js?1602805221 HTTP/1.1" 200 8732 "http://richwoodvc.com/" "Mozilla/5.0 (iPhone; CPU iPhone OS 14_0_1 like Mac OS X) AppleWebKit/605.1.15 (KHTML, like Gecko) Version/14.0 Mobile/15E148 Safari/604.1"
210.195.180.118 - - [15/Oct/2020:23:40:22 +0000] "GET /assets/js/interface.js?1602805221 HTTP/1.1" 200 1430 "http://richwoodvc.com/" "Mozilla/5.0 (iPhone; CPU iPhone OS 14_0_1 like Mac OS X) AppleWebKit/605.1.15 (KHTML, like Gecko) Version/14.0 Mobile/15E148 Safari/604.1"
210.195.180.118 - - [15/Oct/2020:23:40:22 +0000] "GET /assets/js/gmap.js?1602805221 HTTP/1.1" 200 196 "http://richwoodvc.com/" "Mozilla/5.0 (iPhone; CPU iPhone OS 14_0_1 like Mac OS X) AppleWebKit/605.1.15 (KHTML, like Gecko) Version/14.0 Mobile/15E148 Safari/604.1"
210.195.180.118 - - [15/Oct/2020:23:40:22 +0000] "GET /assets/js/comment-reply.min.js?1602805221 HTTP/1.1" 200 1105 "http://richwoodvc.com/" "Mozilla/5.0 (iPhone; CPU iPhone OS 14_0_1 like Mac OS X) AppleWebKit/605.1.15 (KHTML, like Gecko) Version/14.0 Mobile/15E148 Safari/604.1"
210.195.180.118 - - [15/Oct/2020:23:40:22 +0000] "GET /assets/js/wp-embed.min.js?1602805221 HTTP/1.1" 200 765 "http://richwoodvc.com/" "Mozilla/5.0 (iPhone; CPU iPhone OS 14_0_1 like Mac OS X) AppleWebKit/605.1.15 (KHTML, like Gecko) Version/14.0 Mobile/15E148 Safari/604.1"
210.195.180.118 - - [15/Oct/2020:23:40:22 +0000] "GET /assets/js/js_composer_front.min.js?1602805221 HTTP/1.1" 200 5666 "http://richwoodvc.com/" "Mozilla/5.0 (iPhone; CPU iPhone OS 14_0_1 like Mac OS X) AppleWebKit/605.1.15 (KHTML, like Gecko) Version/14.0 Mobile/15E148 Safari/604.1"
210.195.180.118 - - [15/Oct/2020:23:40:22 +0000] "GET /assets/img/logo.png?1602805221 HTTP/1.1" 200 11637 "http://richwoodvc.com/" "Mozilla/5.0 (iPhone; CPU iPhone OS 14_0_1 like Mac OS X) AppleWebKit/605.1.15 (KHTML, like Gecko) Version/14.0 Mobile/15E148 Safari/604.1"
210.195.180.118 - - [15/Oct/2020:23:40:22 +0000] "GET /assets/img/slideshow/01.jpg HTTP/1.1" 200 216559 "http://richwoodvc.com/" "Mozilla/5.0 (iPhone; CPU iPhone OS 14_0_1 like Mac OS X) AppleWebKit/605.1.15 (KHTML, like Gecko) Version/14.0 Mobile/15E148 Safari/604.1"
210.195.180.118 - - [15/Oct/2020:23:40:22 +0000] "GET /assets/img/slideshow/02.jpg HTTP/1.1" 200 384958 "http://richwoodvc.com/" "Mozilla/5.0 (iPhone; CPU iPhone OS 14_0_1 like Mac OS X) AppleWebKit/605.1.15 (KHTML, like Gecko) Version/14.0 Mobile/15E148 Safari/604.1"
210.195.180.118 - - [15/Oct/2020:23:40:22 +0000] "GET /assets/img/slideshow/03.jpg HTTP/1.1" 200 288063 "http://richwoodvc.com/" "Mozilla/5.0 (iPhone; CPU iPhone OS 14_0_1 like Mac OS X) AppleWebKit/605.1.15 (KHTML, like Gecko) Version/14.0 Mobile/15E148 Safari/604.1"
210.195.180.118 - - [15/Oct/2020:23:40:22 +0000] "GET /assets/img/mou/ibn.jpg?1602805221 HTTP/1.1" 200 613024 "http://richwoodvc.com/" "Mozilla/5.0 (iPhone; CPU iPhone OS 14_0_1 like Mac OS X) AppleWebKit/605.1.15 (KHTML, like Gecko) Version/14.0 Mobile/15E148 Safari/604.1"
210.195.180.118 - - [15/Oct/2020:23:40:23 +0000] "GET /assets/img/richwood_projects.png?1602805221 HTTP/1.1" 200 537045 "http://richwoodvc.com/" "Mozilla/5.0 (iPhone; CPU iPhone OS 14_0_1 like Mac OS X) AppleWebKit/605.1.15 (KHTML, like Gecko) Version/14.0 Mobile/15E148 Safari/604.1"
210.195.180.118 - - [15/Oct/2020:23:40:23 +0000] "GET /assets/img/richwood_assets.png?1602805221 HTTP/1.1" 200 569734 "http://richwoodvc.com/" "Mozilla/5.0 (iPhone; CPU iPhone OS 14_0_1 like Mac OS X) AppleWebKit/605.1.15 (KHTML, like Gecko) Version/14.0 Mobile/15E148 Safari/604.1"
210.195.180.118 - - [15/Oct/2020:23:40:23 +0000] "GET /assets/img/mou/cambodia.jpg?1602805221 HTTP/1.1" 200 1003016 "http://richwoodvc.com/" "Mozilla/5.0 (iPhone; CPU iPhone OS 14_0_1 like Mac OS X) AppleWebKit/605.1.15 (KHTML, like Gecko) Version/14.0 Mobile/15E148 Safari/604.1"
210.195.180.118 - - [15/Oct/2020:23:40:23 +0000] "GET /assets/img/certificates/certificate_09.png?1602805221 HTTP/1.1" 200 2170815 "http://richwoodvc.com/" "Mozilla/5.0 (iPhone; CPU iPhone OS 14_0_1 like Mac OS X) AppleWebKit/605.1.15 (KHTML, like Gecko) Version/14.0 Mobile/15E148 Safari/604.1"
210.195.180.118 - - [15/Oct/2020:23:40:24 +0000] "GET /assets/img/certificates/certificate_08.png?1602805221 HTTP/1.1" 200 2403691 "http://richwoodvc.com/" "Mozilla/5.0 (iPhone; CPU iPhone OS 14_0_1 like Mac OS X) AppleWebKit/605.1.15 (KHTML, like Gecko) Version/14.0 Mobile/15E148 Safari/604.1"
210.195.180.118 - - [15/Oct/2020:23:40:24 +0000] "GET /assets/img/certificates/certificate_01.png?1602805221 HTTP/1.1" 200 1775292 "http://richwoodvc.com/" "Mozilla/5.0 (iPhone; CPU iPhone OS 14_0_1 like Mac OS X) AppleWebKit/605.1.15 (KHTML, like Gecko) Version/14.0 Mobile/15E148 Safari/604.1"
210.195.180.118 - - [15/Oct/2020:23:40:25 +0000] "GET /assets/img/certificates/certificate_07.png?1602805221 HTTP/1.1" 200 1880874 "http://richwoodvc.com/" "Mozilla/5.0 (iPhone; CPU iPhone OS 14_0_1 like Mac OS X) AppleWebKit/605.1.15 (KHTML, like Gecko) Version/14.0 Mobile/15E148 Safari/604.1"
210.195.180.118 - - [15/Oct/2020:23:40:25 +0000] "GET /assets/img/certificates/certificate_10.png?1602805221 HTTP/1.1" 200 2970060 "http://richwoodvc.com/" "Mozilla/5.0 (iPhone; CPU iPhone OS 14_0_1 like Mac OS X) AppleWebKit/605.1.15 (KHTML, like Gecko) Version/14.0 Mobile/15E148 Safari/604.1"
210.195.180.118 - - [15/Oct/2020:23:40:25 +0000] "GET /assets/img/certificates/certificate_04.png?1602805221 HTTP/1.1" 200 1733081 "http://richwoodvc.com/" "Mozilla/5.0 (iPhone; CPU iPhone OS 14_0_1 like Mac OS X) AppleWebKit/605.1.15 (KHTML, like Gecko) Version/14.0 Mobile/15E148 Safari/604.1"
210.195.180.118 - - [15/Oct/2020:23:40:25 +0000] "GET /assets/img/certificates/certificate_02.png?1602805221 HTTP/1.1" 200 1739896 "http://richwoodvc.com/" "Mozilla/5.0 (iPhone; CPU iPhone OS 14_0_1 like Mac OS X) AppleWebKit/605.1.15 (KHTML, like Gecko) Version/14.0 Mobile/15E148 Safari/604.1"
210.195.180.118 - - [15/Oct/2020:23:40:26 +0000] "GET /assets/img/certificates/certificate_11.png?1602805221 HTTP/1.1" 200 1741609 "http://richwoodvc.com/" "Mozilla/5.0 (iPhone; CPU iPhone OS 14_0_1 like Mac OS X) AppleWebKit/605.1.15 (KHTML, like Gecko) Version/14.0 Mobile/15E148 Safari/604.1"
210.195.180.118 - - [15/Oct/2020:23:40:26 +0000] "GET /assets/img/certificates/certificate_12.png?1602805221 HTTP/1.1" 200 1731211 "http://richwoodvc.com/" "Mozilla/5.0 (iPhone; CPU iPhone OS 14_0_1 like Mac OS X) AppleWebKit/605.1.15 (KHTML, like Gecko) Version/14.0 Mobile/15E148 Safari/604.1"
210.195.180.118 - - [15/Oct/2020:23:40:26 +0000] "GET /assets/img/certificates/certificate_14.png?1602805221 HTTP/1.1" 200 2288187 "http://richwoodvc.com/" "Mozilla/5.0 (iPhone; CPU iPhone OS 14_0_1 like Mac OS X) AppleWebKit/605.1.15 (KHTML, like Gecko) Version/14.0 Mobile/15E148 Safari/604.1"
210.195.180.118 - - [15/Oct/2020:23:40:27 +0000] "GET /assets/img/certificates/certificate_06.png?1602805221 HTTP/1.1" 200 1727975 "http://richwoodvc.com/" "Mozilla/5.0 (iPhone; CPU iPhone OS 14_0_1 like Mac OS X) AppleWebKit/605.1.15 (KHTML, like Gecko) Version/14.0 Mobile/15E148 Safari/604.1"
210.195.180.118 - - [15/Oct/2020:23:40:28 +0000] "GET /assets/img/certificates/certificate_17.png?1602805221 HTTP/1.1" 200 1627472 "http://richwoodvc.com/" "Mozilla/5.0 (iPhone; CPU iPhone OS 14_0_1 like Mac OS X) AppleWebKit/605.1.15 (KHTML, like Gecko) Version/14.0 Mobile/15E148 Safari/604.1"
210.195.180.118 - - [15/Oct/2020:23:40:28 +0000] "GET /assets/img/certificates/certificate_13.png?1602805221 HTTP/1.1" 200 1760523 "http://richwoodvc.com/" "Mozilla/5.0 (iPhone; CPU iPhone OS 14_0_1 like Mac OS X) AppleWebKit/605.1.15 (KHTML, like Gecko) Version/14.0 Mobile/15E148 Safari/604.1"
210.195.180.118 - - [15/Oct/2020:23:40:28 +0000] "GET /assets/img/media/2018_11_09_03/cover.jpg?1602805221 HTTP/1.1" 200 110689 "http://richwoodvc.com/" "Mozilla/5.0 (iPhone; CPU iPhone OS 14_0_1 like Mac OS X) AppleWebKit/605.1.15 (KHTML, like Gecko) Version/14.0 Mobile/15E148 Safari/604.1"
210.195.180.118 - - [15/Oct/2020:23:40:28 +0000] "GET /assets/img/media/2018_11_09_02/cover.jpg?1602805221 HTTP/1.1" 200 212820 "http://richwoodvc.com/" "Mozilla/5.0 (iPhone; CPU iPhone OS 14_0_1 like Mac OS X) AppleWebKit/605.1.15 (KHTML, like Gecko) Version/14.0 Mobile/15E148 Safari/604.1"
210.195.180.118 - - [15/Oct/2020:23:40:28 +0000] "GET /assets/img/media/2018_11_09_01/cover.jpg?1602805221 HTTP/1.1" 200 221537 "http://richwoodvc.com/" "Mozilla/5.0 (iPhone; CPU iPhone OS 14_0_1 like Mac OS X) AppleWebKit/605.1.15 (KHTML, like Gecko) Version/14.0 Mobile/15E148 Safari/604.1"
210.195.180.118 - - [15/Oct/2020:23:40:29 +0000] "GET /assets/img/media/2018_11_04_01/cover.jpg?1602805221 HTTP/1.1" 200 143542 "http://richwoodvc.com/" "Mozilla/5.0 (iPhone; CPU iPhone OS 14_0_1 like Mac OS X) AppleWebKit/605.1.15 (KHTML, like Gecko) Version/14.0 Mobile/15E148 Safari/604.1"
210.195.180.118 - - [15/Oct/2020:23:40:29 +0000] "GET /assets/img/media/2018_11_02_01/cover.jpg?1602805221 HTTP/1.1" 200 151167 "http://richwoodvc.com/" "Mozilla/5.0 (iPhone; CPU iPhone OS 14_0_1 like Mac OS X) AppleWebKit/605.1.15 (KHTML, like Gecko) Version/14.0 Mobile/15E148 Safari/604.1"
210.195.180.118 - - [15/Oct/2020:23:40:29 +0000] "GET /assets/img/media/2018_11_01_01/cover.jpg?1602805221 HTTP/1.1" 200 75080 "http://richwoodvc.com/" "Mozilla/5.0 (iPhone; CPU iPhone OS 14_0_1 like Mac OS X) AppleWebKit/605.1.15 (KHTML, like Gecko) Version/14.0 Mobile/15E148 Safari/604.1"
210.195.180.118 - - [15/Oct/2020:23:40:29 +0000] "GET /assets/img/logo/asiapez.png?1602805221 HTTP/1.1" 200 109478 "http://richwoodvc.com/" "Mozilla/5.0 (iPhone; CPU iPhone OS 14_0_1 like Mac OS X) AppleWebKit/605.1.15 (KHTML, like Gecko) Version/14.0 Mobile/15E148 Safari/604.1"
210.195.180.118 - - [15/Oct/2020:23:40:29 +0000] "GET /assets/img/logo/gfi_biotech_white.png?1602805221 HTTP/1.1" 200 18872 "http://richwoodvc.com/" "Mozilla/5.0 (iPhone; CPU iPhone OS 14_0_1 like Mac OS X) AppleWebKit/605.1.15 (KHTML, like Gecko) Version/14.0 Mobile/15E148 Safari/604.1"
210.195.180.118 - - [15/Oct/2020:23:40:29 +0000] "GET /assets/img/subsidiaries/pantop_corporation.png?1602805221 HTTP/1.1" 200 38509 "http://richwoodvc.com/" "Mozilla/5.0 (iPhone; CPU iPhone OS 14_0_1 like Mac OS X) AppleWebKit/605.1.15 (KHTML, like Gecko) Version/14.0 Mobile/15E148 Safari/604.1"
210.195.180.118 - - [15/Oct/2020:23:40:29 +0000] "GET /assets/img/subsidiaries/qmis_white.png?1602805221 HTTP/1.1" 200 9187 "http://richwoodvc.com/" "Mozilla/5.0 (iPhone; CPU iPhone OS 14_0_1 like Mac OS X) AppleWebKit/605.1.15 (KHTML, like Gecko) Version/14.0 Mobile/15E148 Safari/604.1"
210.195.180.118 - - [15/Oct/2020:23:40:29 +0000] "GET /assets/img/subsidiaries/qmis.png?1602805221 HTTP/1.1" 200 9689 "http://richwoodvc.com/" "Mozilla/5.0 (iPhone; CPU iPhone OS 14_0_1 like Mac OS X) AppleWebKit/605.1.15 (KHTML, like Gecko) Version/14.0 Mobile/15E148 Safari/604.1"
210.195.180.118 - - [15/Oct/2020:23:40:29 +0000] "GET /assets/img/subsidiaries/qmistbs.png?1602805221 HTTP/1.1" 200 21864 "http://richwoodvc.com/" "Mozilla/5.0 (iPhone; CPU iPhone OS 14_0_1 like Mac OS X) AppleWebKit/605.1.15 (KHTML, like Gecko) Version/14.0 Mobile/15E148 Safari/604.1"
